Archive member included to satisfy reference by file (symbol)

app/libapp.a(main.c.obj)      (--whole-archive)
zephyr/libzephyr.a(validate_libc.c.obj)
                              (--whole-archive)
zephyr/libzephyr.a(heap.c.obj)
                              (--whole-archive)
zephyr/libzephyr.a(cbprintf_packaged.c.obj)
                              (--whole-archive)
zephyr/libzephyr.a(clock.c.obj)
                              (--whole-archive)
zephyr/libzephyr.a(printk.c.obj)
                              (--whole-archive)
zephyr/libzephyr.a(sem.c.obj)
                              (--whole-archive)
zephyr/libzephyr.a(thread_entry.c.obj)
                              (--whole-archive)
zephyr/libzephyr.a(cbprintf_complete.c.obj)
                              (--whole-archive)
zephyr/libzephyr.a(assert.c.obj)
                              (--whole-archive)
zephyr/libzephyr.a(dec.c.obj)
                              (--whole-archive)
zephyr/libzephyr.a(hex.c.obj)
                              (--whole-archive)
zephyr/libzephyr.a(rb.c.obj)  (--whole-archive)
zephyr/libzephyr.a(set.c.obj)
                              (--whole-archive)
zephyr/libzephyr.a(timeutil.c.obj)
                              (--whole-archive)
zephyr/libzephyr.a(bitarray.c.obj)
                              (--whole-archive)
zephyr/libzephyr.a(bitmask.c.obj)
                              (--whole-archive)
zephyr/libzephyr.a(getopt.c.obj)
                              (--whole-archive)
zephyr/libzephyr.a(getopt_common.c.obj)
                              (--whole-archive)
zephyr/libzephyr.a(ring_buffer.c.obj)
                              (--whole-archive)
zephyr/libzephyr.a(last_section_id.c.obj)
                              (--whole-archive)
zephyr/libzephyr.a(configs.c.obj)
                              (--whole-archive)
zephyr/libzephyr.a(stm32cube_hal.c.obj)
                              (--whole-archive)
zephyr/libzephyr.a(soc_config.c.obj)
                              (--whole-archive)
zephyr/libzephyr.a(gpioport_mgr.c.obj)
                              (--whole-archive)
zephyr/libzephyr.a(stm32_backup_domain.c.obj)
                              (--whole-archive)
zephyr/libzephyr.a(soc.c.obj)
                              (--whole-archive)
zephyr/libzephyr.a(mem_attr.c.obj)
                              (--whole-archive)
zephyr/libzephyr.a(tracing_none.c.obj)
                              (--whole-archive)
zephyr/libzephyr.a(usb_device.c.obj)
                              (--whole-archive)
zephyr/libzephyr.a(usb_descriptor.c.obj)
                              (--whole-archive)
zephyr/libzephyr.a(usb_transfer.c.obj)
                              (--whole-archive)
zephyr/libzephyr.a(cdc_acm.c.obj)
                              (--whole-archive)
zephyr/libzephyr.a(usb_work_q.c.obj)
                              (--whole-archive)
zephyr/arch/common/libarch__common.a(sw_isr_common.c.obj)
                              (--whole-archive)
zephyr/arch/common/libarch__common.a(init.c.obj)
                              (--whole-archive)
zephyr/arch/common/libarch__common.a(xip.c.obj)
                              (--whole-archive)
zephyr/arch/arch/arm/core/libarch__arm__core.a(fatal.c.obj)
                              (--whole-archive)
zephyr/arch/arch/arm/core/libarch__arm__core.a(nmi.c.obj)
                              (--whole-archive)
zephyr/arch/arch/arm/core/libarch__arm__core.a(nmi_on_reset.S.obj)
                              (--whole-archive)
zephyr/arch/arch/arm/core/libarch__arm__core.a(tls.c.obj)
                              (--whole-archive)
zephyr/arch/arch/arm/core/cortex_m/libarch__arm__core__cortex_m.a(fault.c.obj)
                              (--whole-archive)
zephyr/arch/arch/arm/core/cortex_m/libarch__arm__core__cortex_m.a(fault_s.S.obj)
                              (--whole-archive)
zephyr/arch/arch/arm/core/cortex_m/libarch__arm__core__cortex_m.a(fpu.c.obj)
                              (--whole-archive)
zephyr/arch/arch/arm/core/cortex_m/libarch__arm__core__cortex_m.a(reset.S.obj)
                              (--whole-archive)
zephyr/arch/arch/arm/core/cortex_m/libarch__arm__core__cortex_m.a(scb.c.obj)
                              (--whole-archive)
zephyr/arch/arch/arm/core/cortex_m/libarch__arm__core__cortex_m.a(vector_table.S.obj)
                              (--whole-archive)
zephyr/arch/arch/arm/core/cortex_m/libarch__arm__core__cortex_m.a(svc.S.obj)
                              (--whole-archive)
zephyr/arch/arch/arm/core/cortex_m/libarch__arm__core__cortex_m.a(irq_manage.c.obj)
                              (--whole-archive)
zephyr/arch/arch/arm/core/cortex_m/libarch__arm__core__cortex_m.a(prep_c.c.obj)
                              (--whole-archive)
zephyr/arch/arch/arm/core/cortex_m/libarch__arm__core__cortex_m.a(thread.c.obj)
                              (--whole-archive)
zephyr/arch/arch/arm/core/cortex_m/libarch__arm__core__cortex_m.a(cpu_idle.c.obj)
                              (--whole-archive)
[...]
Memory Configuration

Name             Origin             Length             Attributes
FLASH            0x08000000         0x00080000         xr
RAM              0x20000000         0x00020000         xw
SRAM0            0x20000000         0x00020000         rw
IDT_LIST         0xffff7fff         0x00008000         xw
*default*        0x00000000         0xffffffff

Linker script and memory map

                0x08005930                        vfprintf = __l_vfprintf
                0x00000000                        vfscanf = __l_vfscanf
LOAD zephyr/CMakeFiles/zephyr_final.dir/misc/empty_file.c.obj
LOAD zephyr/CMakeFiles/zephyr_final.dir/isr_tables.c.obj
LOAD zephyr/CMakeFiles/offsets.dir/./arch/arm/core/offsets/offsets.c.obj
LOAD app/libapp.a
LOAD zephyr/libzephyr.a
LOAD zephyr/arch/common/libarch__common.a
LOAD zephyr/arch/arch/arm/core/libarch__arm__core.a
LOAD zephyr/arch/arch/arm/core/cortex_m/libarch__arm__core__cortex_m.a
LOAD zephyr/arch/arch/arm/core/mpu/libarch__arm__core__mpu.a
LOAD zephyr/lib/libc/picolibc/liblib__libc__picolibc.a
LOAD zephyr/lib/libc/common/liblib__libc__common.a
LOAD zephyr/lib/posix/c_lib_ext/liblib__posix__c_lib_ext.a
LOAD zephyr/drivers/interrupt_controller/libdrivers__interrupt_controller.a
LOAD zephyr/drivers/usb/device/libdrivers__usb__device.a
LOAD zephyr/drivers/clock_control/libdrivers__clock_control.a
LOAD zephyr/drivers/console/libdrivers__console.a
LOAD zephyr/drivers/gpio/libdrivers__gpio.a
LOAD zephyr/drivers/hwinfo/libdrivers__hwinfo.a
LOAD zephyr/drivers/pinctrl/libdrivers__pinctrl.a
LOAD zephyr/drivers/pwm/libdrivers__pwm.a
LOAD zephyr/drivers/reset/libdrivers__reset.a
LOAD zephyr/drivers/serial/libdrivers__serial.a
LOAD zephyr/drivers/timer/libdrivers__timer.a
LOAD modules/hal_stm32/stm32cube/lib..__modules__hal__stm32__stm32cube.a
LOAD zephyr/kernel/libkernel.a
LOAD zephyr/arch/common/libisr_tables.a
LOAD /home/naj/zephyr-sdk-1.0.1/gnu/arm-zephyr-eabi/bin/../lib/gcc/arm-zephyr-eabi/14.3.0/../../../../arm-zephyr-eabi/lib/thumb/v7e-m/nofp/space/libc.a
LOAD /home/naj/zephyr-sdk-1.0.1/gnu/arm-zephyr-eabi/bin/../lib/gcc/arm-zephyr-eabi/14.3.0/thumb/v7e-m/nofp/space/libgcc.a
                0x00000020                        _region_min_align = 0x20

.rel.plt        0x08000000        0x0
 *(SORT_BY_ALIGNMENT(.rel.plt))
                [!provide]                        PROVIDE (__rel_iplt_start = .)
 *(SORT_BY_ALIGNMENT(.rel.iplt))
 .rel.iplt      0x08000000        0x0 zephyr/CMakeFiles/zephyr_final.dir/isr_tables.c.obj
                [!provide]                        PROVIDE (__rel_iplt_end = .)

.rela.plt       0x00000000        0x0
 *(SORT_BY_ALIGNMENT(.rela.plt))
                [!provide]                        PROVIDE (__rela_iplt_start = .)
 *(SORT_BY_ALIGNMENT(.rela.iplt))
                [!provide]                        PROVIDE (__rela_iplt_end = .)

.rel.dyn
 *(SORT_BY_ALIGNMENT(.rel.*))

.rela.dyn
 *(SORT_BY_ALIGNMENT(.rela.*))

/DISCARD/
 *(SORT_BY_ALIGNMENT(.plt))

/DISCARD/
 *(SORT_BY_ALIGNMENT(.iplt))
                0x08000000                        __rom_region_start = 0x8000000

rom_start       0x08000000      0x150
                0x08000000                        __rom_start_address = .
 FILL mask 0x00
                0x08000000                        . = (. + (0x0 - (. - __rom_start_address)))
                0x08000000                        . = ALIGN (0x4)
                0x08000000                        . = ALIGN (0x80)
                0x08000000                        . = ALIGN (0x200)
                0x08000000                        _vector_start = .
 *(SORT_BY_ALIGNMENT(.exc_vector_table))
 *(SORT_BY_ALIGNMENT(.exc_vector_table.*))
 .exc_vector_table._vector_table_section
                0x08000000       0x40 zephyr/arch/arch/arm/core/cortex_m/libarch__arm__core__cortex_m.a(vector_table.S.obj)
                0x08000000                _vector_table
 *(SORT_BY_ALIGNMENT(.vectors))
                0x08000150                        _vector_end = .
                0x08000040                        . = ALIGN (0x4)
 *(SORT_BY_ALIGNMENT(.gnu.linkonce.irq_vector_table*))
 .gnu.linkonce.irq_vector_table
                0x08000040      0x110 zephyr/CMakeFiles/zephyr_final.dir/isr_tables.c.obj
                0x08000040                _irq_vector_table
                0x08000150                        _vector_end = .

text            0x08000150     0x7b58
                0x08000150                        __text_region_start = .
 *(SORT_BY_ALIGNMENT(.text))
 .text          0x08000150       0x30 /home/naj/zephyr-sdk-1.0.1/gnu/arm-zephyr-eabi/bin/../lib/gcc/arm-zephyr-eabi/14.3.0/thumb/v7e-m/nofp/space/libgcc.a(_aeabi_uldivmod.o)
                0x08000150                __aeabi_uldivmod
 .text          0x08000180        0x4 /home/naj/zephyr-sdk-1.0.1/gnu/arm-zephyr-eabi/bin/../lib/gcc/arm-zephyr-eabi/14.3.0/thumb/v7e-m/nofp/space/libgcc.a(_dvmd_tls.o)
                0x08000180                __aeabi_ldiv0
                0x08000180                __aeabi_idiv0
 .text          0x08000184       0x10 /home/naj/zephyr-sdk-1.0.1/gnu/arm-zephyr-eabi/bin/../lib/gcc/arm-zephyr-eabi/14.3.0/../../../../arm-zephyr-eabi/lib/thumb/v7e-m/nofp/space/libc.a(strlen.S.o)
                0x08000184                strlen
 .text          0x08000194      0x2bc /home/naj/zephyr-sdk-1.0.1/gnu/arm-zephyr-eabi/bin/../lib/gcc/arm-zephyr-eabi/14.3.0/thumb/v7e-m/nofp/space/libgcc.a(_udivmoddi4.o)
                0x08000194                __udivmoddi4
 *(SORT_BY_ALIGNMENT(.text.*))
 .text.main     0x08000450      0x190 app/libapp.a(main.c.obj)
                0x08000450                main
 .text.char_out
                0x080005e0        0xc zephyr/libzephyr.a(printk.c.obj)
 .text.__printk_hook_install
                0x080005ec        0xc zephyr/libzephyr.a(printk.c.obj)
                0x080005ec                __printk_hook_install
 .text.vprintk  0x080005f8       0x30 zephyr/libzephyr.a(printk.c.obj)
                0x080005f8                vprintk
 .text.z_thread_entry
                0x08000628       0x34 zephyr/libzephyr.a(thread_entry.c.obj)
                0x08000628                z_thread_entry
 .text.st_stm32_common_config
                0x0800065c       0x14 zephyr/libzephyr.a(soc_config.c.obj)
 .text.stm32_gpioport_init
                0x08000670       0x20 zephyr/libzephyr.a(gpioport_mgr.c.obj)
 .text.stm32_gpioport_get
                0x08000690       0x24 zephyr/libzephyr.a(gpioport_mgr.c.obj)
                0x08000690                stm32_gpioport_get
 .text.soc_early_init_hook
                0x080006b4       0x30 zephyr/libzephyr.a(soc.c.obj)
                0x080006b4                soc_early_init_hook
 .text.mem_attr_get_regions
                0x080006e4        0xc zephyr/libzephyr.a(mem_attr.c.obj)
                0x080006e4                mem_attr_get_regions
 .text.class_handler
                0x080006f0       0x44 zephyr/libzephyr.a(usb_device.c.obj)
 .text.custom_handler
                0x08000734       0x64 zephyr/libzephyr.a(usb_device.c.obj)
 .text.vendor_handler
                0x08000798       0x3c zephyr/libzephyr.a(usb_device.c.obj)
 .text.disable_endpoint
                0x080007d4       0x2c zephyr/libzephyr.a(usb_device.c.obj)
 .text.usb_reset_alt_setting
                0x08000800       0x10 zephyr/libzephyr.a(usb_device.c.obj)
 .text.is_ep_valid.part.0
                0x08000810       0x38 zephyr/libzephyr.a(usb_device.c.obj)
 .text.usb_halt_endpoint_req
                0x08000848       0x54 zephyr/libzephyr.a(usb_device.c.obj)
 .text.usb_handle_request.constprop.0
                0x0800089c       0x2c zephyr/libzephyr.a(usb_device.c.obj)
 .text.forward_status_cb
                0x080008c8       0xac zephyr/libzephyr.a(usb_device.c.obj)
 .text.set_endpoint
                0x08000974       0x84 zephyr/libzephyr.a(usb_device.c.obj)
 .text.usb_handle_standard_request
                0x080009f8      0x2f8 zephyr/libzephyr.a(usb_device.c.obj)
 .text.usb_data_to_host
                0x08000cf0       0x60 zephyr/libzephyr.a(usb_device.c.obj)
 .text.usb_handle_control_transfer
                0x08000d50       0xdc zephyr/libzephyr.a(usb_device.c.obj)
 .text.usb_set_config
                0x08000e2c       0x2c zephyr/libzephyr.a(usb_device.c.obj)
                0x08000e2c                usb_set_config
 .text.usb_enable
                0x08000e58      0x134 zephyr/libzephyr.a(usb_device.c.obj)
                0x08000e58                usb_enable
 .text.usb_update_sn_string_descriptor
                0x08000f8c       0x88 zephyr/libzephyr.a(usb_descriptor.c.obj)
                0x08000f8c                usb_update_sn_string_descriptor
 .text.usb_get_device_descriptor
                0x08001014      0x1e4 zephyr/libzephyr.a(usb_descriptor.c.obj)
                0x08001014                usb_get_device_descriptor
 .text.usb_ep_get_transfer
                0x080011f8       0x2c zephyr/libzephyr.a(usb_transfer.c.obj)
 .text.usb_transfer_work
                0x08001224      0x100 zephyr/libzephyr.a(usb_transfer.c.obj)
 .text.usb_transfer_ep_callback
                0x08001324       0x5c zephyr/libzephyr.a(usb_transfer.c.obj)
                0x08001324                usb_transfer_ep_callback
 .text.usb_transfer
                0x08001380       0xe0 zephyr/libzephyr.a(usb_transfer.c.obj)
                0x08001380                usb_transfer
 .text.usb_cancel_transfer
                0x08001460       0x3c zephyr/libzephyr.a(usb_transfer.c.obj)
                0x08001460                usb_cancel_transfer
 .text.usb_cancel_transfers
                0x0800149c       0x44 zephyr/libzephyr.a(usb_transfer.c.obj)
                0x0800149c                usb_cancel_transfers
 .text.usb_transfer_init
                0x080014e0       0x30 zephyr/libzephyr.a(usb_transfer.c.obj)
                0x080014e0                usb_transfer_init
 .text.cdc_acm_irq_rx_enable
                0x08001510       0x20 zephyr/libzephyr.a(cdc_acm.c.obj)
 .text.cdc_acm_irq_tx_enable
                0x08001530       0x20 zephyr/libzephyr.a(cdc_acm.c.obj)
 .text.cdc_acm_fifo_fill
                0x08001550       0x3c zephyr/libzephyr.a(cdc_acm.c.obj)
 .text.cdc_acm_write_cb
                0x0800158c       0x54 zephyr/libzephyr.a(cdc_acm.c.obj)
 .text.cdc_acm_class_handle_req
                0x080015e0       0x64 zephyr/libzephyr.a(cdc_acm.c.obj)
                0x080015e0                cdc_acm_class_handle_req
 .text.cdc_acm_int_in
                0x08001644       0x18 zephyr/libzephyr.a(cdc_acm.c.obj)
 .text.cdc_acm_reset_port
                0x0800165c       0x3c zephyr/libzephyr.a(cdc_acm.c.obj)
 .text.cdc_acm_init
                0x08001698       0x48 zephyr/libzephyr.a(cdc_acm.c.obj)
 .text.cdc_acm_send_notification.isra.0
                0x080016e0       0x44 zephyr/libzephyr.a(cdc_acm.c.obj)
 .text.cdc_acm_poll_out
                0x08001724       0x84 zephyr/libzephyr.a(cdc_acm.c.obj)
 .text.tx_work_handler
                0x080017a8       0x78 zephyr/libzephyr.a(cdc_acm.c.obj)
 .text.cdc_acm_read_cb
                0x08001820       0x74 zephyr/libzephyr.a(cdc_acm.c.obj)
 .text.cdc_acm_dev_status_cb
                0x08001894       0x84 zephyr/libzephyr.a(cdc_acm.c.obj)
 .text.z_usb_work_q_init
                0x08001918       0x30 zephyr/libzephyr.a(usb_work_q.c.obj)
 .text.arch_bss_zero
                0x08001948       0x18 zephyr/arch/common/libarch__common.a(init.c.obj)
                0x08001948                arch_bss_zero
 .text.arch_data_copy
                0x08001960       0x38 zephyr/arch/common/libarch__common.a(xip.c.obj)
                0x08001960                arch_data_copy
 .text.z_arm_fatal_error
                0x08001998       0x60 zephyr/arch/arch/arm/core/libarch__arm__core.a(fatal.c.obj)
                0x08001998                z_arm_fatal_error
 .text.z_SysNmiOnReset
                0x080019f8        0x8 zephyr/arch/arch/arm/core/libarch__arm__core.a(nmi_on_reset.S.obj)
                0x080019f8                z_SysNmiOnReset
 .text.arch_tls_stack_setup
                0x08001a00       0x40 zephyr/arch/arch/arm/core/libarch__arm__core.a(tls.c.obj)
                0x08001a00                arch_tls_stack_setup
 .text.mem_manage_fault
                0x08001a40       0xf0 zephyr/arch/arch/arm/core/cortex_m/libarch__arm__core__cortex_m.a(fault.c.obj)
 .text.usage_fault.isra.0
                0x08001b30       0x98 zephyr/arch/arch/arm/core/cortex_m/libarch__arm__core__cortex_m.a(fault.c.obj)
 .text.bus_fault.isra.0
                0x08001bc8       0xb8 zephyr/arch/arch/arm/core/cortex_m/libarch__arm__core__cortex_m.a(fault.c.obj)
 .text.z_arm_fault
                0x08001c80      0x1a8 zephyr/arch/arch/arm/core/cortex_m/libarch__arm__core__cortex_m.a(fault.c.obj)
                0x08001c80                z_arm_fault
 .text.z_arm_fault_init
                0x08001e28       0x18 zephyr/arch/arch/arm/core/cortex_m/libarch__arm__core__cortex_m.a(fault.c.obj)
                0x08001e28                z_arm_fault_init
 .text.__fault  0x08001e40       0x14 zephyr/arch/arch/arm/core/cortex_m/libarch__arm__core__cortex_m.a(fault_s.S.obj)
                0x08001e40                z_arm_bus_fault
                0x08001e40                z_arm_usage_fault
                0x08001e40                z_arm_mpu_fault
                0x08001e40                z_arm_exc_spurious
                0x08001e40                z_arm_debug_monitor
                0x08001e40                z_arm_hard_fault
 .text._reset_section
                0x08001e54       0x34 zephyr/arch/arch/arm/core/cortex_m/libarch__arm__core__cortex_m.a(reset.S.obj)
                0x08001e54                z_arm_reset
                0x08001e54                __start
 .text.z_arm_svc
                0x08001e88       0x24 zephyr/arch/arch/arm/core/cortex_m/libarch__arm__core__cortex_m.a(svc.S.obj)
                0x08001e88                z_arm_svc
 .text.arm_irq_enable
                0x08001eac       0x1c zephyr/arch/arch/arm/core/cortex_m/libarch__arm__core__cortex_m.a(irq_manage.c.obj)
                0x08001eac                arm_irq_enable
 .text.arm_irq_disable
                0x08001ec8       0x28 zephyr/arch/arch/arm/core/cortex_m/libarch__arm__core__cortex_m.a(irq_manage.c.obj)
                0x08001ec8                arm_irq_disable
 .text.arm_irq_priority_set
                0x08001ef0       0x30 zephyr/arch/arch/arm/core/cortex_m/libarch__arm__core__cortex_m.a(irq_manage.c.obj)
                0x08001ef0                arm_irq_priority_set
 .text.relocate_vector_table
                0x08001f20       0x1c zephyr/arch/arch/arm/core/cortex_m/libarch__arm__core__cortex_m.a(prep_c.c.obj)
                0x08001f20                relocate_vector_table
 .text.z_prep_c
                0x08001f3c       0x38 zephyr/arch/arch/arm/core/cortex_m/libarch__arm__core__cortex_m.a(prep_c.c.obj)
                0x08001f3c                z_prep_c
 .text.arch_new_thread
                0x08001f74       0x38 zephyr/arch/arch/arm/core/cortex_m/libarch__arm__core__cortex_m.a(thread.c.obj)
                0x08001f74                arch_new_thread
 .text.z_check_thread_stack_fail
                0x08001fac       0x2c zephyr/arch/arch/arm/core/cortex_m/libarch__arm__core__cortex_m.a(thread.c.obj)
                0x08001fac                z_check_thread_stack_fail
 .text.arch_switch_to_main_thread
                0x08001fd8       0x3c zephyr/arch/arch/arm/core/cortex_m/libarch__arm__core__cortex_m.a(thread.c.obj)
                0x08001fd8                arch_switch_to_main_thread
 .text.z_arm_cpu_idle_init
                0x08002014        0xc zephyr/arch/arch/arm/core/cortex_m/libarch__arm__core__cortex_m.a(cpu_idle.c.obj)
                0x08002014                z_arm_cpu_idle_init
 .text._HandlerModeExit
                0x08002020       0x20 zephyr/arch/arch/arm/core/cortex_m/libarch__arm__core__cortex_m.a(exc_exit.c.obj)
                0x08002020                z_arm_exc_exit
                0x08002020                z_arm_int_exit
 .text.z_impl_k_thread_abort
                0x08002040       0x2c zephyr/arch/arch/arm/core/cortex_m/libarch__arm__core__cortex_m.a(thread_abort.c.obj)
                0x08002040                z_impl_k_thread_abort
 .text.z_arm_pendsv
                0x0800206c       0x60 zephyr/arch/arch/arm/core/cortex_m/libarch__arm__core__cortex_m.a(swap_helper.S.obj)
                0x0800206c                z_arm_pendsv
 .text.z_arm_interrupt_init
                0x080020cc       0x18 zephyr/arch/arch/arm/core/cortex_m/libarch__arm__core__cortex_m.a(irq_init.c.obj)
                0x080020cc                z_arm_interrupt_init
 .text._isr_wrapper
                0x080020e4       0x24 zephyr/arch/arch/arm/core/cortex_m/libarch__arm__core__cortex_m.a(isr_wrapper.c.obj)
                0x080020e4                _isr_wrapper
 .text.__aeabi_read_tp
                0x08002108        0xc zephyr/arch/arch/arm/core/cortex_m/libarch__arm__core__cortex_m.a(__aeabi_read_tp.S.obj)
                0x08002108                __aeabi_read_tp
 .text.z_arm_configure_static_mpu_regions
                0x08002114       0x18 zephyr/arch/arch/arm/core/mpu/libarch__arm__core__mpu.a(arm_core_mpu.c.obj)
                0x08002114                z_arm_configure_static_mpu_regions
 .text.z_arm_configure_dynamic_mpu_regions
                0x0800212c       0x20 zephyr/arch/arch/arm/core/mpu/libarch__arm__core__mpu.a(arm_core_mpu.c.obj)
                0x0800212c                z_arm_configure_dynamic_mpu_regions
 .text.region_init
                0x0800214c       0x28 zephyr/arch/arch/arm/core/mpu/libarch__arm__core__mpu.a(arm_mpu.c.obj)
 .text.mpu_configure_regions
                0x08002174       0x6c zephyr/arch/arch/arm/core/mpu/libarch__arm__core__mpu.a(arm_mpu.c.obj)
 .text.arm_core_mpu_enable
                0x080021e0       0x18 zephyr/arch/arch/arm/core/mpu/libarch__arm__core__mpu.a(arm_mpu.c.obj)
                0x080021e0                arm_core_mpu_enable
 .text.arm_core_mpu_disable
                0x080021f8       0x14 zephyr/arch/arch/arm/core/mpu/libarch__arm__core__mpu.a(arm_mpu.c.obj)
                0x080021f8                arm_core_mpu_disable
 .text.arm_core_mpu_configure_static_mpu_regions
                0x0800220c       0x14 zephyr/arch/arch/arm/core/mpu/libarch__arm__core__mpu.a(arm_mpu.c.obj)
                0x0800220c                arm_core_mpu_configure_static_mpu_regions
 .text.arm_core_mpu_configure_dynamic_mpu_regions
                0x08002220       0x38 zephyr/arch/arch/arm/core/mpu/libarch__arm__core__mpu.a(arm_mpu.c.obj)
                0x08002220                arm_core_mpu_configure_dynamic_mpu_regions
 .text.z_arm_mpu_init
                0x08002258      0x184 zephyr/arch/arch/arm/core/mpu/libarch__arm__core__mpu.a(arm_mpu.c.obj)
                0x08002258                z_arm_mpu_init
 .text.z_impl_zephyr_fputc
                0x080023dc       0x10 zephyr/lib/libc/picolibc/liblib__libc__picolibc.a(stdio.c.obj)
                0x080023dc                z_impl_zephyr_fputc
 .text.__stdout_hook_install
                0x080023ec       0x18 zephyr/lib/libc/picolibc/liblib__libc__picolibc.a(stdio.c.obj)
                0x080023ec                __stdout_hook_install
 .text.malloc_prepare
                0x08002404       0x24 zephyr/lib/libc/common/liblib__libc__common.a(malloc.c.obj)
 .text.stm32_exti_init
                0x08002428       0x2c zephyr/drivers/interrupt_controller/libdrivers__interrupt_controller.a(intc_exti_stm32.c.obj)
 .text.stm32_exti_is_pending
                0x08002454       0x20 zephyr/drivers/interrupt_controller/libdrivers__interrupt_controller.a(intc_exti_stm32.c.obj)
                0x08002454                stm32_exti_is_pending
 .text.stm32_exti_clear_pending
                0x08002474       0x20 zephyr/drivers/interrupt_controller/libdrivers__interrupt_controller.a(intc_exti_stm32.c.obj)
                0x08002474                stm32_exti_clear_pending
 .text.stm32_fill_irq_table
                0x08002494       0x18 zephyr/drivers/interrupt_controller/libdrivers__interrupt_controller.a(intc_gpio_stm32.c.obj)
 .text.stm32_intc_gpio_isr
                0x080024ac       0x4c zephyr/drivers/interrupt_controller/libdrivers__interrupt_controller.a(intc_gpio_stm32.c.obj)
 .text.stm32_gpio_intc_enable_line
                0x080024f8       0x2c zephyr/drivers/interrupt_controller/libdrivers__interrupt_controller.a(intc_gpio_stm32.c.obj)
                0x080024f8                stm32_gpio_intc_enable_line
 .text.stm32_gpio_intc_disable_line
                0x08002524       0x10 zephyr/drivers/interrupt_controller/libdrivers__interrupt_controller.a(intc_gpio_stm32.c.obj)
                0x08002524                stm32_gpio_intc_disable_line
 .text.stm32_gpio_intc_select_line_trigger
                0x08002534       0x50 zephyr/drivers/interrupt_controller/libdrivers__interrupt_controller.a(intc_gpio_stm32.c.obj)
                0x08002534                stm32_gpio_intc_select_line_trigger
 .text.stm32_gpio_intc_set_irq_callback
                0x08002584       0x40 zephyr/drivers/interrupt_controller/libdrivers__interrupt_controller.a(intc_gpio_stm32.c.obj)
                0x08002584                stm32_gpio_intc_set_irq_callback
 .text.stm32_gpio_intc_remove_irq_callback
                0x080025c4       0x24 zephyr/drivers/interrupt_controller/libdrivers__interrupt_controller.a(intc_gpio_stm32.c.obj)
                0x080025c4                stm32_gpio_intc_remove_irq_callback
 .text.stm32_exti_get_line_src_port
                0x080025e8       0x30 zephyr/drivers/interrupt_controller/libdrivers__interrupt_controller.a(intc_gpio_stm32.c.obj)
                0x080025e8                stm32_exti_get_line_src_port
 .text.usb_dc_stm32_get_ep_state
                0x08002618       0x28 zephyr/drivers/usb/device/libdrivers__usb__device.a(usb_dc_stm32.c.obj)
 .text.usb_dc_stm32_isr
                0x08002640        0xc zephyr/drivers/usb/device/libdrivers__usb__device.a(usb_dc_stm32.c.obj)
 .text.k_msgq_put.constprop.0.isra.0
                0x0800264c        0xc zephyr/drivers/usb/device/libdrivers__usb__device.a(usb_dc_stm32.c.obj)
 .text.usb_dc_attach
                0x08002658      0x178 zephyr/drivers/usb/device/libdrivers__usb__device.a(usb_dc_stm32.c.obj)
                0x08002658                usb_dc_attach
 .text.usb_dc_set_status_callback
                0x080027d0        0xc zephyr/drivers/usb/device/libdrivers__usb__device.a(usb_dc_stm32.c.obj)
                0x080027d0                usb_dc_set_status_callback
 .text.usb_dc_set_address
                0x080027dc       0x1c zephyr/drivers/usb/device/libdrivers__usb__device.a(usb_dc_stm32.c.obj)
                0x080027dc                usb_dc_set_address
 .text.usb_dc_ep_start_read
                0x080027f8       0x40 zephyr/drivers/usb/device/libdrivers__usb__device.a(usb_dc_stm32.c.obj)
                0x080027f8                usb_dc_ep_start_read
 .text.usb_dc_stm32_isr_lower_half
                0x08002838       0x7c zephyr/drivers/usb/device/libdrivers__usb__device.a(usb_dc_stm32.c.obj)
 .text.usb_dc_ep_get_read_count
                0x080028b4       0x24 zephyr/drivers/usb/device/libdrivers__usb__device.a(usb_dc_stm32.c.obj)
                0x080028b4                usb_dc_ep_get_read_count
 .text.usb_dc_ep_set_stall
                0x080028d8       0x2c zephyr/drivers/usb/device/libdrivers__usb__device.a(usb_dc_stm32.c.obj)
                0x080028d8                usb_dc_ep_set_stall
 .text.usb_dc_ep_clear_stall
                0x08002904       0x34 zephyr/drivers/usb/device/libdrivers__usb__device.a(usb_dc_stm32.c.obj)
                0x08002904                usb_dc_ep_clear_stall
 .text.usb_dc_ep_enable
                0x08002938       0x48 zephyr/drivers/usb/device/libdrivers__usb__device.a(usb_dc_stm32.c.obj)
                0x08002938                usb_dc_ep_enable
 .text.usb_dc_ep_disable
                0x08002980       0x44 zephyr/drivers/usb/device/libdrivers__usb__device.a(usb_dc_stm32.c.obj)
                0x08002980                usb_dc_ep_disable
 .text.usb_dc_ep_write
                0x080029c4       0xa0 zephyr/drivers/usb/device/libdrivers__usb__device.a(usb_dc_stm32.c.obj)
                0x080029c4                usb_dc_ep_write
 .text.usb_dc_ep_read_wait
                0x08002a64       0x5c zephyr/drivers/usb/device/libdrivers__usb__device.a(usb_dc_stm32.c.obj)
                0x08002a64                usb_dc_ep_read_wait
 .text.usb_dc_ep_read_continue
                0x08002ac0       0x30 zephyr/drivers/usb/device/libdrivers__usb__device.a(usb_dc_stm32.c.obj)
                0x08002ac0                usb_dc_ep_read_continue
 .text.HAL_PCD_ResetCallback
                0x08002af0       0x5c zephyr/drivers/usb/device/libdrivers__usb__device.a(usb_dc_stm32.c.obj)
                0x08002af0                HAL_PCD_ResetCallback
 .text.HAL_PCD_ConnectCallback
                0x08002b4c       0x20 zephyr/drivers/usb/device/libdrivers__usb__device.a(usb_dc_stm32.c.obj)
                0x08002b4c                HAL_PCD_ConnectCallback
 .text.HAL_PCD_DisconnectCallback
                0x08002b6c       0x20 zephyr/drivers/usb/device/libdrivers__usb__device.a(usb_dc_stm32.c.obj)
                0x08002b6c                HAL_PCD_DisconnectCallback
 .text.HAL_PCD_SuspendCallback
                0x08002b8c       0x20 zephyr/drivers/usb/device/libdrivers__usb__device.a(usb_dc_stm32.c.obj)
                0x08002b8c                HAL_PCD_SuspendCallback
 .text.HAL_PCD_ResumeCallback
                0x08002bac       0x20 zephyr/drivers/usb/device/libdrivers__usb__device.a(usb_dc_stm32.c.obj)
                0x08002bac                HAL_PCD_ResumeCallback
 .text.HAL_PCD_SetupStageCallback
                0x08002bcc       0x38 zephyr/drivers/usb/device/libdrivers__usb__device.a(usb_dc_stm32.c.obj)
                0x08002bcc                HAL_PCD_SetupStageCallback
 .text.stm32_clock_control_get_subsys_rate
                0x08002c04      0x100 zephyr/drivers/clock_control/libdrivers__clock_control.a(clock_stm32_ll_common.c.obj)
 .text.enabled_clock
                0x08002d04       0x20 zephyr/drivers/clock_control/libdrivers__clock_control.a(clock_stm32_ll_common.c.obj)
                0x08002d04                enabled_clock
 .text.stm32_clock_control_init
                0x08002d24      0x13c zephyr/drivers/clock_control/libdrivers__clock_control.a(clock_stm32_ll_common.c.obj)
                0x08002d24                stm32_clock_control_init
 .text.get_pllsrc_frequency
                0x08002e60        0x8 zephyr/drivers/clock_control/libdrivers__clock_control.a(clock_stm32f2_f4_f7.c.obj)
                0x08002e60                get_pllsrc_frequency
 .text.config_pll_sysclock
                0x08002e68       0x38 zephyr/drivers/clock_control/libdrivers__clock_control.a(clock_stm32f2_f4_f7.c.obj)
                0x08002e68                config_pll_sysclock
 .text.config_enable_default_clocks
                0x08002ea0       0x20 zephyr/drivers/clock_control/libdrivers__clock_control.a(clock_stm32f2_f4_f7.c.obj)
                0x08002ea0                config_enable_default_clocks
 .text.uart_console_init
                0x08002ec0       0x28 zephyr/drivers/console/libdrivers__console.a(uart_console.c.obj)
 .text.console_out
                0x08002ee8       0x28 zephyr/drivers/console/libdrivers__console.a(uart_console.c.obj)
 .text.gpio_stm32_pin_interrupt_configure
                0x08002f10       0xac zephyr/drivers/gpio/libdrivers__gpio.a(gpio_stm32.c.obj)
 .text.z_impl_hwinfo_get_device_id
                0x08002fbc       0x38 zephyr/drivers/hwinfo/libdrivers__hwinfo.a(hwinfo_stm32.c.obj)
                0x08002fbc                z_impl_hwinfo_get_device_id
 .text.pwm_stm32_set_cycles
                0x08002ff4      0x234 zephyr/drivers/pwm/libdrivers__pwm.a(pwm_stm32.c.obj)
 .text.pwm_stm32_init
                0x08003228      0x174 zephyr/drivers/pwm/libdrivers__pwm.a(pwm_stm32.c.obj)
 .text.uart_stm32_irq_err_enable
                0x0800339c       0x58 zephyr/drivers/serial/libdrivers__serial.a(uart_stm32.c.obj)
 .text.uart_stm32_irq_err_disable
                0x080033f4       0x58 zephyr/drivers/serial/libdrivers__serial.a(uart_stm32.c.obj)
 .text.uart_stm32_parameters_set
                0x0800344c      0x104 zephyr/drivers/serial/libdrivers__serial.a(uart_stm32.c.obj)
 .text.uart_stm32_configure
                0x08003550       0xdc zephyr/drivers/serial/libdrivers__serial.a(uart_stm32.c.obj)
 .text.elapsed  0x0800362c       0x44 zephyr/drivers/timer/libdrivers__timer.a(cortex_m_systick.c.obj)
 .text.sys_clock_driver_init
                0x08003670       0x34 zephyr/drivers/timer/libdrivers__timer.a(cortex_m_systick.c.obj)
 .text.sys_clock_isr
                0x080036a4       0x60 zephyr/drivers/timer/libdrivers__timer.a(cortex_m_systick.c.obj)
                0x080036a4                sys_clock_isr
 .text.sys_clock_set_timeout
                0x08003704       0xf4 zephyr/drivers/timer/libdrivers__timer.a(cortex_m_systick.c.obj)
                0x08003704                sys_clock_set_timeout
 .text.sys_clock_elapsed
                0x080037f8       0x3c zephyr/drivers/timer/libdrivers__timer.a(cortex_m_systick.c.obj)
                0x080037f8                sys_clock_elapsed
 .text.sys_clock_cycle_get_32
                0x08003834       0x28 zephyr/drivers/timer/libdrivers__timer.a(cortex_m_systick.c.obj)
                0x08003834                sys_clock_cycle_get_32
 .text.HAL_RCC_GetSysClockFreq
                0x0800385c       0x5c modules/hal_stm32/stm32cube/lib..__modules__hal__stm32__stm32cube.a(stm32f4xx_hal_rcc.c.obj)
                0x0800385c                HAL_RCC_GetSysClockFreq
 .text.HAL_RCC_GetHCLKFreq
                0x080038b8        0xc modules/hal_stm32/stm32cube/lib..__modules__hal__stm32__stm32cube.a(stm32f4xx_hal_rcc.c.obj)
                0x080038b8                HAL_RCC_GetHCLKFreq
 .text.HAL_PCD_IRQHandler
                0x080038c4      0x688 modules/hal_stm32/stm32cube/lib..__modules__hal__stm32__stm32cube.a(stm32f4xx_hal_pcd.c.obj)
                0x080038c4                HAL_PCD_IRQHandler
 .text.USB_SetTurnaroundTime
                0x08003f4c       0xe0 modules/hal_stm32/stm32cube/lib..__modules__hal__stm32__stm32cube.a(stm32f4xx_ll_usb.c.obj)
                0x08003f4c                USB_SetTurnaroundTime
 .text.USB_DevInit
                0x0800402c      0x174 modules/hal_stm32/stm32cube/lib..__modules__hal__stm32__stm32cube.a(stm32f4xx_ll_usb.c.obj)
                0x0800402c                USB_DevInit
 .text.USB_DeactivateEndpoint
                0x080041a0       0xc0 modules/hal_stm32/stm32cube/lib..__modules__hal__stm32__stm32cube.a(stm32f4xx_ll_usb.c.obj)
                0x080041a0                USB_DeactivateEndpoint
 .text.USB_EPStartXfer
                0x08004260      0x1d0 modules/hal_stm32/stm32cube/lib..__modules__hal__stm32__stm32cube.a(stm32f4xx_ll_usb.c.obj)
                0x08004260                USB_EPStartXfer
 .text.USB_EP0_OutStart
                0x08004430       0x4c modules/hal_stm32/stm32cube/lib..__modules__hal__stm32__stm32cube.a(stm32f4xx_ll_usb.c.obj)
                0x08004430                USB_EP0_OutStart
 .text.LL_SetFlashLatency
                0x0800447c       0xc4 modules/hal_stm32/stm32cube/lib..__modules__hal__stm32__stm32cube.a(stm32f4xx_ll_utils.c.obj)
                0x0800447c                LL_SetFlashLatency
 .text.z_fatal_error
                0x08004540       0x30 zephyr/kernel/libkernel.a(fatal.c.obj)
                0x08004540                z_fatal_error
 .text.z_sys_init_run_level
                0x08004570       0x30 zephyr/kernel/libkernel.a(init.c.obj)
 .text.bg_thread_main
                0x080045a0       0xc0 zephyr/kernel/libkernel.a(init.c.obj)
 .text.z_init_cpu
                0x08004660       0x70 zephyr/kernel/libkernel.a(init.c.obj)
                0x08004660                z_init_cpu
 .text.z_cstart
                0x080046d0       0xcc zephyr/kernel/libkernel.a(init.c.obj)
                0x080046d0                z_cstart
 .text.put_msg_in_queue
                0x0800479c       0xc8 zephyr/kernel/libkernel.a(msg_q.c.obj)
 .text.z_impl_k_msgq_get
                0x08004864       0xc4 zephyr/kernel/libkernel.a(msg_q.c.obj)
                0x08004864                z_impl_k_msgq_get
 .text.z_impl_k_mutex_lock
                0x08004928       0xe4 zephyr/kernel/libkernel.a(mutex.c.obj)
                0x08004928                z_impl_k_mutex_lock
 .text.z_impl_k_mutex_unlock
                0x08004a0c       0xa0 zephyr/kernel/libkernel.a(mutex.c.obj)
                0x08004a0c                z_impl_k_mutex_unlock
 .text.z_impl_k_sem_give
                0x08004aac       0x68 zephyr/kernel/libkernel.a(sem.c.obj)
                0x08004aac                z_impl_k_sem_give
 .text.z_impl_k_sem_take
                0x08004b14       0x4c zephyr/kernel/libkernel.a(sem.c.obj)
                0x08004b14                z_impl_k_sem_take
 .text.work_queue_main
                0x08004b60      0x14c zephyr/kernel/libkernel.a(work.c.obj)
 .text.submit_to_queue_locked
                0x08004cac       0xa4 zephyr/kernel/libkernel.a(work.c.obj)
 .text.k_work_queue_start
                0x08004d50       0x80 zephyr/kernel/libkernel.a(work.c.obj)
                0x08004d50                k_work_queue_start
 .text.k_work_schedule_for_queue
                0x08004dd0       0x54 zephyr/kernel/libkernel.a(work.c.obj)
                0x08004dd0                k_work_schedule_for_queue
 .text.z_setup_new_thread
                0x08004e24       0x98 zephyr/kernel/libkernel.a(thread.c.obj)
                0x08004e24                z_setup_new_thread
 .text.z_impl_k_thread_create
                0x08004ebc       0x58 zephyr/kernel/libkernel.a(thread.c.obj)
                0x08004ebc                z_impl_k_thread_create
 .text.z_dummy_thread_init
                0x08004f14       0x18 zephyr/kernel/libkernel.a(thread.c.obj)
                0x08004f14                z_dummy_thread_init
 .text.z_swap_irqlock
                0x08004f2c       0x30 zephyr/kernel/libkernel.a(sched.c.obj)
 .text.ready_thread
                0x08004f5c       0x80 zephyr/kernel/libkernel.a(sched.c.obj)
 .text.unready_thread
                0x08004fdc       0x54 zephyr/kernel/libkernel.a(sched.c.obj)
 .text.add_thread_timeout
                0x08005030       0x1c zephyr/kernel/libkernel.a(sched.c.obj)
 .text.reschedule.isra.0
                0x0800504c       0x28 zephyr/kernel/libkernel.a(sched.c.obj)
 .text.move_current_to_end_of_prio_q
                0x08005074       0x6c zephyr/kernel/libkernel.a(sched.c.obj)
                0x08005074                move_current_to_end_of_prio_q
 .text.z_pend_curr
                0x080050e0       0x44 zephyr/kernel/libkernel.a(sched.c.obj)
                0x080050e0                z_pend_curr
 .text.z_thread_prio_set
                0x08005124       0xd8 zephyr/kernel/libkernel.a(sched.c.obj)
                0x08005124                z_thread_prio_set
 .text.z_reschedule_irqlock
                0x080051fc       0x28 zephyr/kernel/libkernel.a(sched.c.obj)
                0x080051fc                z_reschedule_irqlock
 .text.k_sched_lock
                0x08005224       0x28 zephyr/kernel/libkernel.a(sched.c.obj)
                0x08005224                k_sched_lock
 .text.k_sched_unlock
                0x0800524c       0x54 zephyr/kernel/libkernel.a(sched.c.obj)
                0x0800524c                k_sched_unlock
 .text.z_sched_init
                0x080052a0       0x10 zephyr/kernel/libkernel.a(sched.c.obj)
                0x080052a0                z_sched_init
 .text.z_impl_k_yield
                0x080052b0       0x84 zephyr/kernel/libkernel.a(sched.c.obj)
                0x080052b0                z_impl_k_yield
 .text.z_tick_sleep
                0x08005334       0x78 zephyr/kernel/libkernel.a(sched.c.obj)
 .text.z_impl_k_sched_current_thread_query
                0x080053ac        0xc zephyr/kernel/libkernel.a(sched.c.obj)
                0x080053ac                z_impl_k_sched_current_thread_query
 .text.z_thread_abort
                0x080053b8      0x13c zephyr/kernel/libkernel.a(sched.c.obj)
                0x080053b8                z_thread_abort
 .text.z_sched_wait
                0x080054f4       0x24 zephyr/kernel/libkernel.a(sched.c.obj)
                0x080054f4                z_sched_wait
 .text.z_time_slice_size
                0x08005518       0x40 zephyr/kernel/libkernel.a(timeslicing.c.obj)
 .text.slice_timeout
                0x08005558       0x20 zephyr/kernel/libkernel.a(timeslicing.c.obj)
 .text.z_reset_time_slice
                0x08005578       0x44 zephyr/kernel/libkernel.a(timeslicing.c.obj)
                0x08005578                z_reset_time_slice
 .text.z_time_slice
                0x080055bc       0x5c zephyr/kernel/libkernel.a(timeslicing.c.obj)
                0x080055bc                z_time_slice
 .text.first    0x08005618       0x10 zephyr/kernel/libkernel.a(timeout.c.obj)
 .text.elapsed  0x08005628       0x14 zephyr/kernel/libkernel.a(timeout.c.obj)
 .text.remove_timeout
                0x0800563c       0x38 zephyr/kernel/libkernel.a(timeout.c.obj)
 .text.z_add_timeout
                0x08005674      0x120 zephyr/kernel/libkernel.a(timeout.c.obj)
                0x08005674                z_add_timeout
 .text.sys_clock_announce
                0x08005794       0xbc zephyr/kernel/libkernel.a(timeout.c.obj)
                0x08005794                sys_clock_announce
 .text.sys_clock_tick_get
                0x08005850       0x30 zephyr/kernel/libkernel.a(timeout.c.obj)
                0x08005850                sys_clock_tick_get
 .text.boot_banner
                0x08005880        0xc zephyr/kernel/libkernel.a(banner.c.obj)
                0x08005880                boot_banner
 .text.statics_init
                0x0800588c       0x24 zephyr/kernel/libkernel.a(kheap.c.obj)
 .text.k_sys_work_q_init
                0x080058b0       0x2c zephyr/kernel/libkernel.a(system_work_q.c.obj)
 .text.snprintf
                0x080058dc       0x54 /home/naj/zephyr-sdk-1.0.1/gnu/arm-zephyr-eabi/bin/../lib/gcc/arm-zephyr-eabi/14.3.0/../../../../arm-zephyr-eabi/lib/thumb/v7e-m/nofp/space/libc.a(libc_tinystdio_snprintf.c.o)
                0x080058dc                snprintf
 .text.__l_vfprintf
                0x08005930      0x488 /home/naj/zephyr-sdk-1.0.1/gnu/arm-zephyr-eabi/bin/../lib/gcc/arm-zephyr-eabi/14.3.0/../../../../arm-zephyr-eabi/lib/thumb/v7e-m/nofp/space/libc.a(libc_tinystdio_vflprintf.c.o)
                0x08005930                __l_vfprintf
 .text._OffsetAbsSyms
                0x08005db8        0x2 zephyr/CMakeFiles/offsets.dir/./arch/arm/core/offsets/offsets.c.obj
                0x08005db8                _OffsetAbsSyms
 .text.uart_print
                0x08005dba       0x22 app/libapp.a(main.c.obj)
 .text.chunk_size
                0x08005ddc        0xa zephyr/libzephyr.a(heap.c.obj)
 .text.free_list_add
                0x08005de6       0x4e zephyr/libzephyr.a(heap.c.obj)
 .text.sys_heap_init
                0x08005e34       0x82 zephyr/libzephyr.a(heap.c.obj)
                0x08005e34                sys_heap_init
 .text.arch_printk_char_out
                0x08005eb6        0x4 zephyr/libzephyr.a(printk.c.obj)
                0x08005eb6                arch_printk_char_out
 .text.printk   0x08005eba       0x1a zephyr/libzephyr.a(printk.c.obj)
                0x08005eba                printk
 .text.ring_buf_area_claim
                0x08005ed4       0x30 zephyr/libzephyr.a(ring_buffer.c.obj)
                0x08005ed4                ring_buf_area_claim
 .text.ring_buf_put_claim
                0x08005f04       0x1e zephyr/libzephyr.a(ring_buffer.c.obj)
 .text.ring_buf_get_claim
                0x08005f22       0x1e zephyr/libzephyr.a(ring_buffer.c.obj)
 .text.ring_buf_area_finish
                0x08005f40       0x32 zephyr/libzephyr.a(ring_buffer.c.obj)
                0x08005f40                ring_buf_area_finish
 .text.ring_buf_put
                0x08005f72       0x40 zephyr/libzephyr.a(ring_buffer.c.obj)
                0x08005f72                ring_buf_put
 .text.ring_buf_get
                0x08005fb2       0x44 zephyr/libzephyr.a(ring_buffer.c.obj)
                0x08005fb2                ring_buf_get
 .text._ConfigAbsSyms
                0x08005ff6        0x2 zephyr/libzephyr.a(configs.c.obj)
                0x08005ff6                _ConfigAbsSyms
 .text.HAL_Delay
                0x08005ff8       0x16 zephyr/libzephyr.a(stm32cube_hal.c.obj)
                0x08005ff8                HAL_Delay
 .text.stm32_gpioport_configure_pin
                0x0800600e      0x10a zephyr/libzephyr.a(gpioport_mgr.c.obj)
                0x0800600e                stm32_gpioport_configure_pin
 .text.get_ep_bm_from_addr
                0x08006118       0x1c zephyr/libzephyr.a(usb_device.c.obj)
 .text.usb_write
                0x08006134       0x30 zephyr/libzephyr.a(usb_device.c.obj)
                0x08006134                usb_write
 .text.usb_device_init
                0x08006164        0x6 zephyr/libzephyr.a(usb_device.c.obj)
 .text.usb_get_dev_data_by_cfg
                0x0800616a       0x18 zephyr/libzephyr.a(usb_descriptor.c.obj)
                0x0800616a                usb_get_dev_data_by_cfg
 .text.usb_get_dev_data_by_iface
                0x08006182       0x1c zephyr/libzephyr.a(usb_descriptor.c.obj)
                0x08006182                usb_get_dev_data_by_iface
 .text.usb_get_dev_data_by_ep
                0x0800619e       0x2c zephyr/libzephyr.a(usb_descriptor.c.obj)
                0x0800619e                usb_get_dev_data_by_ep
 .text.usb_transfer_is_busy
                0x080061ca       0x16 zephyr/libzephyr.a(usb_transfer.c.obj)
                0x080061ca                usb_transfer_is_busy
 .text.cdc_interface_config
                0x080061e0       0x14 zephyr/libzephyr.a(cdc_acm.c.obj)
 .text.cdc_acm_irq_callback_work_handler
                0x080061f4        0xa zephyr/libzephyr.a(cdc_acm.c.obj)
 .text.cdc_acm_irq_tx_disable
                0x080061fe        0xa zephyr/libzephyr.a(cdc_acm.c.obj)
 .text.cdc_acm_irq_tx_ready
                0x08006208       0x20 zephyr/libzephyr.a(cdc_acm.c.obj)
 .text.cdc_acm_irq_rx_disable
                0x08006228        0xa zephyr/libzephyr.a(cdc_acm.c.obj)
 .text.cdc_acm_irq_rx_ready
                0x08006232        0xe zephyr/libzephyr.a(cdc_acm.c.obj)
 .text.cdc_acm_irq_is_pending
                0x08006240       0x18 zephyr/libzephyr.a(cdc_acm.c.obj)
 .text.cdc_acm_irq_callback_set
                0x08006258        0x8 zephyr/libzephyr.a(cdc_acm.c.obj)
 .text.cdc_acm_line_ctrl_get
                0x08006260       0x32 zephyr/libzephyr.a(cdc_acm.c.obj)
 .text.cdc_acm_configure
                0x08006292       0x18 zephyr/libzephyr.a(cdc_acm.c.obj)
 .text.cdc_acm_config_get
                0x080062aa       0x5c zephyr/libzephyr.a(cdc_acm.c.obj)
 .text.cdc_acm_line_ctrl_set
                0x08006306       0xc0 zephyr/libzephyr.a(cdc_acm.c.obj)
 .text.cdc_acm_fifo_read
                0x080063c6       0x48 zephyr/libzephyr.a(cdc_acm.c.obj)
 .text.cdc_acm_poll_in
                0x0800640e       0x12 zephyr/libzephyr.a(cdc_acm.c.obj)
 .text.cdc_acm_irq_update
                0x08006420       0x30 zephyr/libzephyr.a(cdc_acm.c.obj)
 .text.arch_early_memset
                0x08006450        0x4 zephyr/arch/common/libarch__common.a(init.c.obj)
                0x08006450                arch_early_memset
 .text.arch_early_memcpy
                0x08006454        0x4 zephyr/arch/common/libarch__common.a(init.c.obj)
                0x08006454                arch_early_memcpy
 .text.z_do_kernel_oops
                0x08006458        0x8 zephyr/arch/arch/arm/core/libarch__arm__core.a(fatal.c.obj)
                0x08006458                z_do_kernel_oops
 .text.z_arm_nmi
                0x08006460        0xe zephyr/arch/arch/arm/core/libarch__arm__core.a(nmi.c.obj)
                0x08006460                z_arm_nmi
 .text.z_irq_spurious
                0x0800646e        0x8 zephyr/arch/arch/arm/core/cortex_m/libarch__arm__core__cortex_m.a(irq_manage.c.obj)
                0x0800646e                z_irq_spurious
 .text.arch_coprocessors_disable
                0x08006476        0x6 zephyr/arch/arch/arm/core/cortex_m/libarch__arm__core__cortex_m.a(thread.c.obj)
                0x08006476                arch_coprocessors_disable
 .text.arch_irq_unlock_outlined
                0x0800647c        0xe zephyr/arch/arch/arm/core/cortex_m/libarch__arm__core__cortex_m.a(thread.c.obj)
                0x0800647c                arch_irq_unlock_outlined
 .text.arch_cpu_idle
                0x0800648a       0x1a zephyr/arch/arch/arm/core/cortex_m/libarch__arm__core__cortex_m.a(cpu_idle.c.obj)
                0x0800648a                arch_cpu_idle
 .text.size_to_mpu_rasr_size
                0x080064a4       0x20 zephyr/arch/arch/arm/core/mpu/libarch__arm__core__mpu.a(arm_mpu.c.obj)
 .text.picolibc_put
                0x080064c4        0xa zephyr/lib/libc/picolibc/liblib__libc__picolibc.a(stdio.c.obj)
 .text.stm32_exti_gpio_intc_init
                0x080064ce       0x92 zephyr/drivers/interrupt_controller/libdrivers__interrupt_controller.a(intc_gpio_stm32.c.obj)
 .text.stm32_gpio_intc_get_pin_irq_line
                0x08006560        0xa zephyr/drivers/interrupt_controller/libdrivers__interrupt_controller.a(intc_gpio_stm32.c.obj)
                0x08006560                stm32_gpio_intc_get_pin_irq_line
 .text.stm32_exti_set_line_src_port
                0x0800656a       0x36 zephyr/drivers/interrupt_controller/libdrivers__interrupt_controller.a(intc_gpio_stm32.c.obj)
                0x0800656a                stm32_exti_set_line_src_port
 .text.usb_dc_ep_set_callback
                0x080065a0       0x16 zephyr/drivers/usb/device/libdrivers__usb__device.a(usb_dc_stm32.c.obj)
                0x080065a0                usb_dc_ep_set_callback
 .text.usb_dc_ep_check_cap
                0x080065b6       0x1e zephyr/drivers/usb/device/libdrivers__usb__device.a(usb_dc_stm32.c.obj)
                0x080065b6                usb_dc_ep_check_cap
 .text.usb_dc_ep_configure
                0x080065d4       0x38 zephyr/drivers/usb/device/libdrivers__usb__device.a(usb_dc_stm32.c.obj)
                0x080065d4                usb_dc_ep_configure
 .text.usb_dc_ep_is_stalled
                0x0800660c       0x1a zephyr/drivers/usb/device/libdrivers__usb__device.a(usb_dc_stm32.c.obj)
                0x0800660c                usb_dc_ep_is_stalled
 .text.usb_dc_ep_read
                0x08006626       0x1c zephyr/drivers/usb/device/libdrivers__usb__device.a(usb_dc_stm32.c.obj)
                0x08006626                usb_dc_ep_read
 .text.usb_dc_ep_mps
                0x08006642       0x12 zephyr/drivers/usb/device/libdrivers__usb__device.a(usb_dc_stm32.c.obj)
                0x08006642                usb_dc_ep_mps
 .text.HAL_PCD_DataOutStageCallback
                0x08006654       0x34 zephyr/drivers/usb/device/libdrivers__usb__device.a(usb_dc_stm32.c.obj)
                0x08006654                HAL_PCD_DataOutStageCallback
 .text.HAL_PCD_DataInStageCallback
                0x08006688       0x2a zephyr/drivers/usb/device/libdrivers__usb__device.a(usb_dc_stm32.c.obj)
                0x08006688                HAL_PCD_DataInStageCallback
 .text.HAL_PCD_ISOINIncompleteCallback
                0x080066b2       0x14 zephyr/drivers/usb/device/libdrivers__usb__device.a(usb_dc_stm32.c.obj)
                0x080066b2                HAL_PCD_ISOINIncompleteCallback
 .text.stm32_clock_control_on
                0x080066c6       0x44 zephyr/drivers/clock_control/libdrivers__clock_control.a(clock_stm32_ll_common.c.obj)
 .text.stm32_clock_control_off
                0x0800670a       0x2c zephyr/drivers/clock_control/libdrivers__clock_control.a(clock_stm32_ll_common.c.obj)
 .text.stm32_clock_control_configure
                0x08006736       0x46 zephyr/drivers/clock_control/libdrivers__clock_control.a(clock_stm32_ll_common.c.obj)
 .text.stm32_clock_control_get_status
                0x0800677c       0x38 zephyr/drivers/clock_control/libdrivers__clock_control.a(clock_stm32_ll_common.c.obj)
 .text.config_regulator_voltage
                0x080067b4        0x2 zephyr/drivers/clock_control/libdrivers__clock_control.a(clock_stm32_ll_common.c.obj)
                0x080067b4                config_regulator_voltage
 .text.gpio_stm32_port_get_raw
                0x080067b6        0xc zephyr/drivers/gpio/libdrivers__gpio.a(gpio_stm32.c.obj)
 .text.gpio_stm32_port_set_masked_raw
                0x080067c2       0x12 zephyr/drivers/gpio/libdrivers__gpio.a(gpio_stm32.c.obj)
 .text.gpio_stm32_port_set_bits_raw
                0x080067d4        0xa zephyr/drivers/gpio/libdrivers__gpio.a(gpio_stm32.c.obj)
 .text.gpio_stm32_port_clear_bits_raw
                0x080067de        0xc zephyr/drivers/gpio/libdrivers__gpio.a(gpio_stm32.c.obj)
 .text.gpio_stm32_port_toggle_bits
                0x080067ea        0xe zephyr/drivers/gpio/libdrivers__gpio.a(gpio_stm32.c.obj)
 .text.gpio_stm32_manage_callback
                0x080067f8       0x54 zephyr/drivers/gpio/libdrivers__gpio.a(gpio_stm32.c.obj)
 .text.gpio_stm32_config
                0x0800684c       0xd6 zephyr/drivers/gpio/libdrivers__gpio.a(gpio_stm32.c.obj)
 .text.gpio_stm32_isr
                0x08006922       0x2c zephyr/drivers/gpio/libdrivers__gpio.a(gpio_stm32.c.obj)
 .text.pinctrl_lookup_state
                0x0800694e       0x26 zephyr/drivers/pinctrl/libdrivers__pinctrl.a(common.c.obj)
                0x0800694e                pinctrl_lookup_state
 .text.pinctrl_configure_pins
                0x08006974       0x82 zephyr/drivers/pinctrl/libdrivers__pinctrl.a(pinctrl_stm32.c.obj)
                0x08006974                pinctrl_configure_pins
 .text.LL_TIM_OC_SetCompareCH1
                0x080069f6        0x4 zephyr/drivers/pwm/libdrivers__pwm.a(pwm_stm32.c.obj)
 .text.LL_TIM_OC_SetCompareCH2
                0x080069fa        0x4 zephyr/drivers/pwm/libdrivers__pwm.a(pwm_stm32.c.obj)
 .text.LL_TIM_OC_SetCompareCH3
                0x080069fe        0x4 zephyr/drivers/pwm/libdrivers__pwm.a(pwm_stm32.c.obj)
 .text.LL_TIM_OC_SetCompareCH4
                0x08006a02        0x4 zephyr/drivers/pwm/libdrivers__pwm.a(pwm_stm32.c.obj)
 .text.pwm_stm32_get_cycles_per_sec
                0x08006a06       0x16 zephyr/drivers/pwm/libdrivers__pwm.a(pwm_stm32.c.obj)
 .text.reset_stm32_status
                0x08006a1c       0x20 zephyr/drivers/reset/libdrivers__reset.a(reset_stm32.c.obj)
 .text.reset_stm32_line_assert
                0x08006a3c       0x1c zephyr/drivers/reset/libdrivers__reset.a(reset_stm32.c.obj)
 .text.reset_stm32_line_deassert
                0x08006a58       0x1e zephyr/drivers/reset/libdrivers__reset.a(reset_stm32.c.obj)
 .text.reset_stm32_line_toggle
                0x08006a76       0x16 zephyr/drivers/reset/libdrivers__reset.a(reset_stm32.c.obj)
 .text.LL_USART_ClearFlag_PE
                0x08006a8c       0x12 zephyr/drivers/serial/libdrivers__serial.a(uart_stm32.c.obj)
 .text.uart_stm32_err_check
                0x08006a9e       0x5e zephyr/drivers/serial/libdrivers__serial.a(uart_stm32.c.obj)
 .text.uart_stm32_irq_tx_enable
                0x08006afc       0x1e zephyr/drivers/serial/libdrivers__serial.a(uart_stm32.c.obj)
 .text.uart_stm32_irq_tx_disable
                0x08006b1a       0x1e zephyr/drivers/serial/libdrivers__serial.a(uart_stm32.c.obj)
 .text.uart_stm32_irq_tx_ready
                0x08006b38       0x14 zephyr/drivers/serial/libdrivers__serial.a(uart_stm32.c.obj)
 .text.uart_stm32_irq_tx_complete
                0x08006b4c        0xc zephyr/drivers/serial/libdrivers__serial.a(uart_stm32.c.obj)
 .text.uart_stm32_irq_rx_enable
                0x08006b58       0x1e zephyr/drivers/serial/libdrivers__serial.a(uart_stm32.c.obj)
 .text.uart_stm32_irq_rx_disable
                0x08006b76       0x1e zephyr/drivers/serial/libdrivers__serial.a(uart_stm32.c.obj)
 .text.uart_stm32_irq_rx_ready
                0x08006b94        0xc zephyr/drivers/serial/libdrivers__serial.a(uart_stm32.c.obj)
 .text.uart_stm32_irq_is_pending
                0x08006ba0       0x24 zephyr/drivers/serial/libdrivers__serial.a(uart_stm32.c.obj)
 .text.uart_stm32_irq_update
                0x08006bc4        0x4 zephyr/drivers/serial/libdrivers__serial.a(uart_stm32.c.obj)
 .text.uart_stm32_irq_callback_set
                0x08006bc8        0x8 zephyr/drivers/serial/libdrivers__serial.a(uart_stm32.c.obj)
 .text.uart_stm32_isr
                0x08006bd0        0xc zephyr/drivers/serial/libdrivers__serial.a(uart_stm32.c.obj)
 .text.uart_stm32_irq_config_func_0
                0x08006bdc       0x16 zephyr/drivers/serial/libdrivers__serial.a(uart_stm32.c.obj)
 .text.uart_stm32_set_baudrate.isra.0
                0x08006bf2       0x64 zephyr/drivers/serial/libdrivers__serial.a(uart_stm32.c.obj)
 .text.uart_stm32_poll_in
                0x08006c56       0x22 zephyr/drivers/serial/libdrivers__serial.a(uart_stm32.c.obj)
 .text.uart_stm32_poll_out
                0x08006c78       0x36 zephyr/drivers/serial/libdrivers__serial.a(uart_stm32.c.obj)
 .text.uart_stm32_init
                0x08006cae       0xbc zephyr/drivers/serial/libdrivers__serial.a(uart_stm32.c.obj)
 .text.uart_stm32_fifo_read
                0x08006d6a       0x42 zephyr/drivers/serial/libdrivers__serial.a(uart_stm32.c.obj)
 .text.uart_stm32_fifo_fill
                0x08006dac       0x50 zephyr/drivers/serial/libdrivers__serial.a(uart_stm32.c.obj)
 .text.uart_stm32_config_get
                0x08006dfc       0x8e zephyr/drivers/serial/libdrivers__serial.a(uart_stm32.c.obj)
 .text.HAL_PCD_MspInit
                0x08006e8a        0x2 modules/hal_stm32/stm32cube/lib..__modules__hal__stm32__stm32cube.a(stm32f4xx_hal_pcd.c.obj)
                0x08006e8a                HAL_PCD_MspInit
 .text.HAL_PCD_Init
                0x08006e8c       0xde modules/hal_stm32/stm32cube/lib..__modules__hal__stm32__stm32cube.a(stm32f4xx_hal_pcd.c.obj)
                0x08006e8c                HAL_PCD_Init
 .text.HAL_PCD_Start
                0x08006f6a       0x40 modules/hal_stm32/stm32cube/lib..__modules__hal__stm32__stm32cube.a(stm32f4xx_hal_pcd.c.obj)
                0x08006f6a                HAL_PCD_Start
 .text.HAL_PCD_Stop
                0x08006faa       0x48 modules/hal_stm32/stm32cube/lib..__modules__hal__stm32__stm32cube.a(stm32f4xx_hal_pcd.c.obj)
                0x08006faa                HAL_PCD_Stop
 .text.HAL_PCD_SOFCallback
                0x08006ff2        0x2 modules/hal_stm32/stm32cube/lib..__modules__hal__stm32__stm32cube.a(stm32f4xx_hal_pcd.c.obj)
                0x08006ff2                HAL_PCD_SOFCallback
 .text.HAL_PCD_ISOOUTIncompleteCallback
                0x08006ff4        0x2 modules/hal_stm32/stm32cube/lib..__modules__hal__stm32__stm32cube.a(stm32f4xx_hal_pcd.c.obj)
                0x08006ff4                HAL_PCD_ISOOUTIncompleteCallback
 .text.HAL_PCD_SetAddress
                0x08006ff6       0x26 modules/hal_stm32/stm32cube/lib..__modules__hal__stm32__stm32cube.a(stm32f4xx_hal_pcd.c.obj)
                0x08006ff6                HAL_PCD_SetAddress
 .text.HAL_PCD_EP_Open
                0x0800701c       0x6a modules/hal_stm32/stm32cube/lib..__modules__hal__stm32__stm32cube.a(stm32f4xx_hal_pcd.c.obj)
                0x0800701c                HAL_PCD_EP_Open
 .text.HAL_PCD_EP_Close
                0x08007086       0x54 modules/hal_stm32/stm32cube/lib..__modules__hal__stm32__stm32cube.a(stm32f4xx_hal_pcd.c.obj)
                0x08007086                HAL_PCD_EP_Close
 .text.HAL_PCD_EP_Receive
                0x080070da       0x3a modules/hal_stm32/stm32cube/lib..__modules__hal__stm32__stm32cube.a(stm32f4xx_hal_pcd.c.obj)
                0x080070da                HAL_PCD_EP_Receive
 .text.HAL_PCD_EP_GetRxCount
                0x08007114       0x10 modules/hal_stm32/stm32cube/lib..__modules__hal__stm32__stm32cube.a(stm32f4xx_hal_pcd.c.obj)
                0x08007114                HAL_PCD_EP_GetRxCount
 .text.HAL_PCD_EP_Transmit
                0x08007124       0x34 modules/hal_stm32/stm32cube/lib..__modules__hal__stm32__stm32cube.a(stm32f4xx_hal_pcd.c.obj)
                0x08007124                HAL_PCD_EP_Transmit
 .text.HAL_PCD_EP_SetStall
                0x08007158       0x6e modules/hal_stm32/stm32cube/lib..__modules__hal__stm32__stm32cube.a(stm32f4xx_hal_pcd.c.obj)
                0x08007158                HAL_PCD_EP_SetStall
 .text.HAL_PCD_EP_ClrStall
                0x080071c6       0x62 modules/hal_stm32/stm32cube/lib..__modules__hal__stm32__stm32cube.a(stm32f4xx_hal_pcd.c.obj)
                0x080071c6                HAL_PCD_EP_ClrStall
 .text.HAL_PCD_EP_Abort
                0x08007228       0x1c modules/hal_stm32/stm32cube/lib..__modules__hal__stm32__stm32cube.a(stm32f4xx_hal_pcd.c.obj)
                0x08007228                HAL_PCD_EP_Abort
 .text.HAL_PCDEx_SetTxFiFo
                0x08007244       0x3e modules/hal_stm32/stm32cube/lib..__modules__hal__stm32__stm32cube.a(stm32f4xx_hal_pcd_ex.c.obj)
                0x08007244                HAL_PCDEx_SetTxFiFo
 .text.HAL_PCDEx_SetRxFiFo
                0x08007282        0x8 modules/hal_stm32/stm32cube/lib..__modules__hal__stm32__stm32cube.a(stm32f4xx_hal_pcd_ex.c.obj)
                0x08007282                HAL_PCDEx_SetRxFiFo
 .text.HAL_PCDEx_LPM_Callback
                0x0800728a        0x2 modules/hal_stm32/stm32cube/lib..__modules__hal__stm32__stm32cube.a(stm32f4xx_hal_pcd_ex.c.obj)
                0x0800728a                HAL_PCDEx_LPM_Callback
 .text.USB_CoreReset
                0x0800728c       0x50 modules/hal_stm32/stm32cube/lib..__modules__hal__stm32__stm32cube.a(stm32f4xx_ll_usb.c.obj)
 .text.USB_CoreInit
                0x080072dc       0x88 modules/hal_stm32/stm32cube/lib..__modules__hal__stm32__stm32cube.a(stm32f4xx_ll_usb.c.obj)
                0x080072dc                USB_CoreInit
 .text.USB_EnableGlobalInt
                0x08007364        0xc modules/hal_stm32/stm32cube/lib..__modules__hal__stm32__stm32cube.a(stm32f4xx_ll_usb.c.obj)
                0x08007364                USB_EnableGlobalInt
 .text.USB_DisableGlobalInt
                0x08007370        0xc modules/hal_stm32/stm32cube/lib..__modules__hal__stm32__stm32cube.a(stm32f4xx_ll_usb.c.obj)
                0x08007370                USB_DisableGlobalInt
 .text.USB_SetCurrentMode
                0x0800737c       0x60 modules/hal_stm32/stm32cube/lib..__modules__hal__stm32__stm32cube.a(stm32f4xx_ll_usb.c.obj)
                0x0800737c                USB_SetCurrentMode
 .text.USB_FlushTxFifo
                0x080073dc       0x46 modules/hal_stm32/stm32cube/lib..__modules__hal__stm32__stm32cube.a(stm32f4xx_ll_usb.c.obj)
                0x080073dc                USB_FlushTxFifo
 .text.USB_FlushRxFifo
                0x08007422       0x42 modules/hal_stm32/stm32cube/lib..__modules__hal__stm32__stm32cube.a(stm32f4xx_ll_usb.c.obj)
                0x08007422                USB_FlushRxFifo
 .text.USB_SetDevSpeed
                0x08007464        0xe modules/hal_stm32/stm32cube/lib..__modules__hal__stm32__stm32cube.a(stm32f4xx_ll_usb.c.obj)
                0x08007464                USB_SetDevSpeed
 .text.USB_GetDevSpeed
                0x08007472       0x16 modules/hal_stm32/stm32cube/lib..__modules__hal__stm32__stm32cube.a(stm32f4xx_ll_usb.c.obj)
                0x08007472                USB_GetDevSpeed
 .text.USB_ActivateEndpoint
                0x08007488       0x7e modules/hal_stm32/stm32cube/lib..__modules__hal__stm32__stm32cube.a(stm32f4xx_ll_usb.c.obj)
                0x08007488                USB_ActivateEndpoint
 .text.USB_EPStopXfer
                0x08007506       0x90 modules/hal_stm32/stm32cube/lib..__modules__hal__stm32__stm32cube.a(stm32f4xx_ll_usb.c.obj)
                0x08007506                USB_EPStopXfer
 .text.USB_WritePacket
                0x08007596       0x26 modules/hal_stm32/stm32cube/lib..__modules__hal__stm32__stm32cube.a(stm32f4xx_ll_usb.c.obj)
                0x08007596                USB_WritePacket
 .text.USB_ReadPacket
                0x080075bc       0x42 modules/hal_stm32/stm32cube/lib..__modules__hal__stm32__stm32cube.a(stm32f4xx_ll_usb.c.obj)
                0x080075bc                USB_ReadPacket
 .text.USB_EPSetStall
                0x080075fe       0x56 modules/hal_stm32/stm32cube/lib..__modules__hal__stm32__stm32cube.a(stm32f4xx_ll_usb.c.obj)
                0x080075fe                USB_EPSetStall
 .text.USB_EPClearStall
                0x08007654       0x52 modules/hal_stm32/stm32cube/lib..__modules__hal__stm32__stm32cube.a(stm32f4xx_ll_usb.c.obj)
                0x08007654                USB_EPClearStall
 .text.USB_SetDevAddress
                0x080076a6       0x20 modules/hal_stm32/stm32cube/lib..__modules__hal__stm32__stm32cube.a(stm32f4xx_ll_usb.c.obj)
                0x080076a6                USB_SetDevAddress
 .text.USB_DevConnect
                0x080076c6       0x1c modules/hal_stm32/stm32cube/lib..__modules__hal__stm32__stm32cube.a(stm32f4xx_ll_usb.c.obj)
                0x080076c6                USB_DevConnect
 .text.USB_DevDisconnect
                0x080076e2       0x1c modules/hal_stm32/stm32cube/lib..__modules__hal__stm32__stm32cube.a(stm32f4xx_ll_usb.c.obj)
                0x080076e2                USB_DevDisconnect
 .text.USB_ReadInterrupts
                0x080076fe        0x8 modules/hal_stm32/stm32cube/lib..__modules__hal__stm32__stm32cube.a(stm32f4xx_ll_usb.c.obj)
                0x080076fe                USB_ReadInterrupts
 .text.USB_ReadDevAllOutEpInterrupt
                0x08007706       0x10 modules/hal_stm32/stm32cube/lib..__modules__hal__stm32__stm32cube.a(stm32f4xx_ll_usb.c.obj)
                0x08007706                USB_ReadDevAllOutEpInterrupt
 .text.USB_ReadDevAllInEpInterrupt
                0x08007716       0x10 modules/hal_stm32/stm32cube/lib..__modules__hal__stm32__stm32cube.a(stm32f4xx_ll_usb.c.obj)
                0x08007716                USB_ReadDevAllInEpInterrupt
 .text.USB_ReadDevOutEPInterrupt
                0x08007726       0x12 modules/hal_stm32/stm32cube/lib..__modules__hal__stm32__stm32cube.a(stm32f4xx_ll_usb.c.obj)
                0x08007726                USB_ReadDevOutEPInterrupt
 .text.USB_ReadDevInEPInterrupt
                0x08007738       0x22 modules/hal_stm32/stm32cube/lib..__modules__hal__stm32__stm32cube.a(stm32f4xx_ll_usb.c.obj)
                0x08007738                USB_ReadDevInEPInterrupt
 .text.USB_GetMode
                0x0800775a        0x8 modules/hal_stm32/stm32cube/lib..__modules__hal__stm32__stm32cube.a(stm32f4xx_ll_usb.c.obj)
                0x0800775a                USB_GetMode
 .text.USB_ActivateSetup
                0x08007762       0x1c modules/hal_stm32/stm32cube/lib..__modules__hal__stm32__stm32cube.a(stm32f4xx_ll_usb.c.obj)
                0x08007762                USB_ActivateSetup
 .text.z_impl_k_busy_wait
                0x0800777e       0x1c zephyr/kernel/libkernel.a(busy_wait.c.obj)
                0x0800777e                z_impl_k_busy_wait
 .text.do_device_init
                0x0800779a       0x30 zephyr/kernel/libkernel.a(device.c.obj)
                0x0800779a                do_device_init
 .text.z_impl_device_is_ready
                0x080077ca       0x16 zephyr/kernel/libkernel.a(device.c.obj)
                0x080077ca                z_impl_device_is_ready
 .text.arch_system_halt
                0x080077e0       0x10 zephyr/kernel/libkernel.a(fatal.c.obj)
                0x080077e0                arch_system_halt
 .text.k_sys_fatal_error_handler
                0x080077f0        0x6 zephyr/kernel/libkernel.a(fatal.c.obj)
                0x080077f0                k_sys_fatal_error_handler
 .text.idle     0x080077f6       0x16 zephyr/kernel/libkernel.a(idle.c.obj)
                0x080077f6                idle
 .text.unpend_thread_no_timeout
                0x0800780c       0x1a zephyr/kernel/libkernel.a(msg_q.c.obj)
 .text.k_msgq_init
                0x08007826       0x1e zephyr/kernel/libkernel.a(msg_q.c.obj)
                0x08007826                k_msgq_init
 .text.z_impl_k_msgq_put
                0x08007844        0xe zephyr/kernel/libkernel.a(msg_q.c.obj)
                0x08007844                z_impl_k_msgq_put
 .text.adjust_owner_prio.isra.0
                0x08007852       0x10 zephyr/kernel/libkernel.a(mutex.c.obj)
 .text.z_impl_k_sem_init
                0x08007862       0x18 zephyr/kernel/libkernel.a(sem.c.obj)
                0x08007862                z_impl_k_sem_init
 .text.flag_test_and_clear
                0x0800787a       0x16 zephyr/kernel/libkernel.a(work.c.obj)
 .text.notify_queue_locked.isra.0
                0x08007890        0xe zephyr/kernel/libkernel.a(work.c.obj)
 .text.work_timeout
                0x0800789e       0x3c zephyr/kernel/libkernel.a(work.c.obj)
 .text.k_work_init
                0x080078da       0x12 zephyr/kernel/libkernel.a(work.c.obj)
                0x080078da                k_work_init
 .text.z_work_submit_to_queue
                0x080078ec       0x26 zephyr/kernel/libkernel.a(work.c.obj)
                0x080078ec                z_work_submit_to_queue
 .text.k_work_submit_to_queue
                0x08007912       0x20 zephyr/kernel/libkernel.a(work.c.obj)
                0x08007912                k_work_submit_to_queue
 .text.k_work_init_delayable
                0x08007932       0x18 zephyr/kernel/libkernel.a(work.c.obj)
                0x08007932                k_work_init_delayable
 .text.k_is_in_isr
                0x0800794a        0xc zephyr/kernel/libkernel.a(thread.c.obj)
                0x0800794a                k_is_in_isr
 .text.z_impl_k_thread_name_set
                0x08007956        0x6 zephyr/kernel/libkernel.a(thread.c.obj)
                0x08007956                z_impl_k_thread_name_set
 .text.sys_dlist_remove
                0x0800795c       0x10 zephyr/kernel/libkernel.a(sched.c.obj)
 .text.unpend_thread_no_timeout
                0x0800796c       0x14 zephyr/kernel/libkernel.a(sched.c.obj)
 .text.add_to_waitq_locked
                0x08007980       0x4c zephyr/kernel/libkernel.a(sched.c.obj)
 .text.z_ready_thread
                0x080079cc       0x1e zephyr/kernel/libkernel.a(sched.c.obj)
                0x080079cc                z_ready_thread
 .text.z_sched_wake_thread_locked
                0x080079ea       0x28 zephyr/kernel/libkernel.a(sched.c.obj)
                0x080079ea                z_sched_wake_thread_locked
 .text.z_thread_timeout
                0x08007a12       0x20 zephyr/kernel/libkernel.a(sched.c.obj)
                0x08007a12                z_thread_timeout
 .text.z_reschedule
                0x08007a32        0x6 zephyr/kernel/libkernel.a(sched.c.obj)
                0x08007a32                z_reschedule
 .text.z_impl_k_sleep
                0x08007a38       0x32 zephyr/kernel/libkernel.a(sched.c.obj)
                0x08007a38                z_impl_k_sleep
 .text.z_impl_k_usleep
                0x08007a6a       0x22 zephyr/kernel/libkernel.a(sched.c.obj)
                0x08007a6a                z_impl_k_usleep
 .text.z_impl_k_wakeup
                0x08007a8c       0x40 zephyr/kernel/libkernel.a(sched.c.obj)
                0x08007a8c                z_impl_k_wakeup
 .text.z_sched_wake
                0x08007acc       0x44 zephyr/kernel/libkernel.a(sched.c.obj)
                0x08007acc                z_sched_wake
 .text.next_timeout
                0x08007b10       0x2e zephyr/kernel/libkernel.a(timeout.c.obj)
 .text.z_abort_timeout
                0x08007b3e       0x50 zephyr/kernel/libkernel.a(timeout.c.obj)
                0x08007b3e                z_abort_timeout
 .text.sys_clock_tick_get_32
                0x08007b8e        0x8 zephyr/kernel/libkernel.a(timeout.c.obj)
                0x08007b8e                sys_clock_tick_get_32
 .text.k_heap_init
                0x08007b96       0x10 zephyr/kernel/libkernel.a(kheap.c.obj)
                0x08007b96                k_heap_init
 .text.memcpy   0x08007ba6       0x1c /home/naj/zephyr-sdk-1.0.1/gnu/arm-zephyr-eabi/bin/../lib/gcc/arm-zephyr-eabi/14.3.0/../../../../arm-zephyr-eabi/lib/thumb/v7e-m/nofp/space/libc.a(memcpy.c.o)
                0x08007ba6                memcpy
                0x08007ba6                __aeabi_memcpy
                0x08007ba6                __aeabi_memcpy4
                0x08007ba6                __aeabi_memcpy8
 .text.memset   0x08007bc2       0x10 /home/naj/zephyr-sdk-1.0.1/gnu/arm-zephyr-eabi/bin/../lib/gcc/arm-zephyr-eabi/14.3.0/../../../../arm-zephyr-eabi/lib/thumb/v7e-m/nofp/space/libc.a(memset.c.o)
                0x08007bc2                memset
 .text.strnlen  0x08007bd2       0x18 /home/naj/zephyr-sdk-1.0.1/gnu/arm-zephyr-eabi/bin/../lib/gcc/arm-zephyr-eabi/14.3.0/../../../../arm-zephyr-eabi/lib/thumb/v7e-m/nofp/space/libc.a(libc_string_strnlen.c.o)
                0x08007bd2                strnlen
 .text.__ultoa_invert
                0x08007bea       0xae /home/naj/zephyr-sdk-1.0.1/gnu/arm-zephyr-eabi/bin/../lib/gcc/arm-zephyr-eabi/14.3.0/../../../../arm-zephyr-eabi/lib/thumb/v7e-m/nofp/space/libc.a(libc_tinystdio_vflprintf.c.o)
 .text.__file_str_put
                0x08007c98       0x10 /home/naj/zephyr-sdk-1.0.1/gnu/arm-zephyr-eabi/bin/../lib/gcc/arm-zephyr-eabi/14.3.0/../../../../arm-zephyr-eabi/lib/thumb/v7e-m/nofp/space/libc.a(libc_tinystdio_filestrput.c.o)
                0x08007c98                __file_str_put
 *(SORT_BY_ALIGNMENT(.gnu.linkonce.t.*))
 *(SORT_BY_ALIGNMENT(.glue_7t))
 .glue_7t       0x08007ca8        0x0 linker stubs
 *(SORT_BY_ALIGNMENT(.glue_7))
 .glue_7        0x08007ca8        0x0 linker stubs
 *(SORT_BY_ALIGNMENT(.vfp11_veneer))
 .vfp11_veneer  0x08007ca8        0x0 linker stubs
 *(SORT_BY_ALIGNMENT(.v4_bx))
 .v4_bx         0x08007ca8        0x0 linker stubs
                0x08007ca8                        . = ALIGN (0x4)
                0x08007ca8                        __text_region_end = .

.ARM.exidx      0x08007ca8        0x8
                0x08007ca8                        __exidx_start = .
 *(SORT_BY_ALIGNMENT(.ARM.exidx*) SORT_BY_ALIGNMENT(gnu.linkonce.armexidx.*))
 .ARM.exidx     0x08007ca8        0x8 /home/naj/zephyr-sdk-1.0.1/gnu/arm-zephyr-eabi/bin/../lib/gcc/arm-zephyr-eabi/14.3.0/thumb/v7e-m/nofp/space/libgcc.a(_udivmoddi4.o)
                0x08007cb0                        __exidx_end = .
                0x08007cb0                        __rodata_region_start = .

initlevel       0x08007cb0       0xb8
                0x08007cb0                        __init_start = .
                0x08007cb0                        __init_EARLY_start = .
 *(SORT_BY_NAME(SORT_BY_ALIGNMENT(.z_init_EARLY_P_?_*)))
 *(SORT_BY_NAME(SORT_BY_ALIGNMENT(.z_init_EARLY_P_??_*)))
 *(SORT_BY_NAME(SORT_BY_ALIGNMENT(.z_init_EARLY_P_???_*)))
                0x08007cb0                        __init_PRE_KERNEL_1_start = .
 *(SORT_BY_NAME(SORT_BY_ALIGNMENT(.z_init_PRE_KERNEL_1_P_?_*)))
 .z_init_PRE_KERNEL_1_P_1_SUB_00008_
                0x08007cb0        0x8 zephyr/drivers/clock_control/libdrivers__clock_control.a(clock_stm32_ll_common.c.obj)
 .z_init_PRE_KERNEL_1_P_1_SUB_0_
                0x08007cb8        0x8 zephyr/libzephyr.a(soc_config.c.obj)
 *(SORT_BY_NAME(SORT_BY_ALIGNMENT(.z_init_PRE_KERNEL_1_P_??_*)))
 .z_init_PRE_KERNEL_1_P_30_SUB_0_
                0x08007cc0        0x8 zephyr/kernel/libkernel.a(kheap.c.obj)
 .z_init_PRE_KERNEL_1_P_35_SUB_00019_
                0x08007cc8        0x8 zephyr/drivers/reset/libdrivers__reset.a(reset_stm32.c.obj)
 .z_init_PRE_KERNEL_1_P_40_SUB_00043_
                0x08007cd0        0x8 zephyr/libzephyr.a(gpioport_mgr.c.obj)
 .z_init_PRE_KERNEL_1_P_40_SUB_00046_
                0x08007cd8        0x8 zephyr/libzephyr.a(gpioport_mgr.c.obj)
 .z_init_PRE_KERNEL_1_P_40_SUB_00061_
                0x08007ce0        0x8 zephyr/drivers/interrupt_controller/libdrivers__interrupt_controller.a(intc_exti_stm32.c.obj)
 .z_init_PRE_KERNEL_1_P_40_SUB_00087_
                0x08007ce8        0x8 zephyr/libzephyr.a(gpioport_mgr.c.obj)
 .z_init_PRE_KERNEL_1_P_40_SUB_00088_
                0x08007cf0        0x8 zephyr/libzephyr.a(gpioport_mgr.c.obj)
 .z_init_PRE_KERNEL_1_P_40_SUB_00089_
                0x08007cf8        0x8 zephyr/libzephyr.a(gpioport_mgr.c.obj)
 .z_init_PRE_KERNEL_1_P_40_SUB_00090_
                0x08007d00        0x8 zephyr/libzephyr.a(gpioport_mgr.c.obj)
 .z_init_PRE_KERNEL_1_P_40_SUB_00091_
                0x08007d08        0x8 zephyr/libzephyr.a(gpioport_mgr.c.obj)
 .z_init_PRE_KERNEL_1_P_40_SUB_00092_
                0x08007d10        0x8 zephyr/libzephyr.a(gpioport_mgr.c.obj)
 .z_init_PRE_KERNEL_1_P_40_SUB_0_
                0x08007d18        0x8 zephyr/drivers/interrupt_controller/libdrivers__interrupt_controller.a(intc_gpio_stm32.c.obj)
 .z_init_PRE_KERNEL_1_P_50_SUB_00066_
                0x08007d20        0x8 zephyr/drivers/serial/libdrivers__serial.a(uart_stm32.c.obj)
 .z_init_PRE_KERNEL_1_P_50_SUB_00126_
                0x08007d28        0x8 zephyr/libzephyr.a(cdc_acm.c.obj)
 .z_init_PRE_KERNEL_1_P_60_SUB_0_
                0x08007d30        0x8 zephyr/drivers/console/libdrivers__console.a(uart_console.c.obj)
 *(SORT_BY_NAME(SORT_BY_ALIGNMENT(.z_init_PRE_KERNEL_1_P_???_*)))
                0x08007d38                        __init_PRE_KERNEL_2_start = .
 *(SORT_BY_NAME(SORT_BY_ALIGNMENT(.z_init_PRE_KERNEL_2_P_?_*)))
 .z_init_PRE_KERNEL_2_P_0_SUB_0_
                0x08007d38        0x8 zephyr/drivers/timer/libdrivers__timer.a(cortex_m_systick.c.obj)
 *(SORT_BY_NAME(SORT_BY_ALIGNMENT(.z_init_PRE_KERNEL_2_P_??_*)))
 *(SORT_BY_NAME(SORT_BY_ALIGNMENT(.z_init_PRE_KERNEL_2_P_???_*)))
                0x08007d40                        __init_POST_KERNEL_start = .
 *(SORT_BY_NAME(SORT_BY_ALIGNMENT(.z_init_POST_KERNEL_P_?_*)))
 *(SORT_BY_NAME(SORT_BY_ALIGNMENT(.z_init_POST_KERNEL_P_??_*)))
 .z_init_POST_KERNEL_P_35_SUB_0_
                0x08007d40        0x8 zephyr/lib/libc/common/liblib__libc__common.a(malloc.c.obj)
 .z_init_POST_KERNEL_P_40_SUB_0_
                0x08007d48        0x8 zephyr/libzephyr.a(usb_work_q.c.obj)
 .z_init_POST_KERNEL_P_40_SUB_0_
                0x08007d50        0x8 zephyr/kernel/libkernel.a(system_work_q.c.obj)
 .z_init_POST_KERNEL_P_50_SUB_00022_
                0x08007d58        0x8 zephyr/drivers/pwm/libdrivers__pwm.a(pwm_stm32.c.obj)
 .z_init_POST_KERNEL_P_90_SUB_0_
                0x08007d60        0x8 zephyr/libzephyr.a(usb_device.c.obj)
 *(SORT_BY_NAME(SORT_BY_ALIGNMENT(.z_init_POST_KERNEL_P_???_*)))
                0x08007d68                        __init_APPLICATION_start = .
 *(SORT_BY_NAME(SORT_BY_ALIGNMENT(.z_init_APPLICATION_P_?_*)))
 *(SORT_BY_NAME(SORT_BY_ALIGNMENT(.z_init_APPLICATION_P_??_*)))
 *(SORT_BY_NAME(SORT_BY_ALIGNMENT(.z_init_APPLICATION_P_???_*)))
                0x08007d68                        __init_SMP_start = .
 *(SORT_BY_NAME(SORT_BY_ALIGNMENT(.z_init_SMP_P_?_*)))
 *(SORT_BY_NAME(SORT_BY_ALIGNMENT(.z_init_SMP_P_??_*)))
 *(SORT_BY_NAME(SORT_BY_ALIGNMENT(.z_init_SMP_P_???_*)))
                0x08007d68                        __init_end = .

device_area     0x08007d68      0x188
                0x08007d68                        _device_list_start = .
 *(SORT_BY_NAME(SORT_BY_ALIGNMENT(._device.static.*_?_*)))
 ._device.static.1_1_
                0x08007d68       0x1c zephyr/drivers/clock_control/libdrivers__clock_control.a(clock_stm32_ll_common.c.obj)
                0x08007d68                __device_dts_ord_8
 *(SORT_BY_NAME(SORT_BY_ALIGNMENT(._device.static.*_??_*)))
 ._device.static.1_35_
                0x08007d84       0x1c zephyr/drivers/reset/libdrivers__reset.a(reset_stm32.c.obj)
                0x08007d84                __device_dts_ord_19
 ._device.static.1_40_
                0x08007da0       0xe0 zephyr/libzephyr.a(gpioport_mgr.c.obj)
                0x08007da0                __device_dts_ord_92
                0x08007dbc                __device_dts_ord_91
                0x08007dd8                __device_dts_ord_90
                0x08007df4                __device_dts_ord_89
                0x08007e10                __device_dts_ord_88
                0x08007e2c                __device_dts_ord_46
                0x08007e48                __device_dts_ord_87
                0x08007e64                __device_dts_ord_43
 ._device.static.1_40_
                0x08007e80       0x1c zephyr/drivers/interrupt_controller/libdrivers__interrupt_controller.a(intc_exti_stm32.c.obj)
                0x08007e80                __device_dts_ord_61
 ._device.static.1_50_
                0x08007e9c       0x1c zephyr/libzephyr.a(cdc_acm.c.obj)
                0x08007e9c                __device_dts_ord_126
 ._device.static.1_50_
                0x08007eb8       0x1c zephyr/drivers/serial/libdrivers__serial.a(uart_stm32.c.obj)
                0x08007eb8                __device_dts_ord_66
 ._device.static.3_50_
                0x08007ed4       0x1c zephyr/drivers/pwm/libdrivers__pwm.a(pwm_stm32.c.obj)
                0x08007ed4                __device_dts_ord_22
 *(SORT_BY_NAME(SORT_BY_ALIGNMENT(._device.static.*_???_*)))
 *(SORT_BY_NAME(SORT_BY_ALIGNMENT(._device.static.*_????_*)))
 *(SORT_BY_NAME(SORT_BY_ALIGNMENT(._device.static.*_?????_*)))
                0x08007ef0                        _device_list_end = .

sw_isr_table    0x08007ef0      0x220
                0x08007ef0                        . = ALIGN (0x4)
 *(SORT_BY_ALIGNMENT(.gnu.linkonce.sw_isr_table*))
 .gnu.linkonce.sw_isr_table
                0x08007ef0      0x220 zephyr/CMakeFiles/zephyr_final.dir/isr_tables.c.obj
                0x08007ef0                _sw_isr_table

initlevel_error
 *(SORT_BY_NAME(SORT_BY_ALIGNMENT(.z_init_*)))
                0x00000001                        ASSERT ((SIZEOF (initlevel_error) == 0x0), Undefined initialization levels used.)

app_shmem_regions
                0x08008110        0x0
                0x08008110                        __app_shmem_regions_start = .
 *(SORT_BY_NAME(SORT_BY_ALIGNMENT(.app_regions.*)))
                0x08008110                        __app_shmem_regions_end = .

k_p4wq_initparam_area
                0x08008110        0x0
                0x08008110                        _k_p4wq_initparam_list_start = .
 *(SORT_BY_NAME(SORT_BY_ALIGNMENT(._k_p4wq_initparam.static.*)))
                0x08008110                        _k_p4wq_initparam_list_end = .

_static_thread_data_area
                0x08008110        0x0
                0x08008110                        __static_thread_data_list_start = .
 *(SORT_BY_NAME(SORT_BY_ALIGNMENT(.__static_thread_data.static.*)))
                0x08008110                        __static_thread_data_list_end = .

device_deps     0x08008110        0x0
                0x08008110                        __device_deps_start = .
 *(SORT_BY_NAME(SORT_BY_ALIGNMENT(.__device_deps_pass2*)))
                0x08008110                        __device_deps_end = .

gpio_driver_api_area
                0x08008110       0x24
                0x08008110                        _gpio_driver_api_list_start = .
 *(SORT_BY_NAME(SORT_BY_ALIGNMENT(._gpio_driver_api.static.*)))
 ._gpio_driver_api.static.gpio_stm32_driver_
                0x08008110       0x24 zephyr/drivers/gpio/libdrivers__gpio.a(gpio_stm32.c.obj)
                0x08008110                gpio_stm32_driver
                0x08008134                        _gpio_driver_api_list_end = .

pwm_driver_api_area
                0x08008134        0x8
                0x08008134                        _pwm_driver_api_list_start = .
 *(SORT_BY_NAME(SORT_BY_ALIGNMENT(._pwm_driver_api.static.*)))
 ._pwm_driver_api.static.pwm_stm32_driver_api_
                0x08008134        0x8 zephyr/drivers/pwm/libdrivers__pwm.a(pwm_stm32.c.obj)
                0x0800813c                        _pwm_driver_api_list_end = .

reset_driver_api_area
                0x0800813c       0x10
                0x0800813c                        _reset_driver_api_list_start = .
 *(SORT_BY_NAME(SORT_BY_ALIGNMENT(._reset_driver_api.static.*)))
 ._reset_driver_api.static.reset_stm32_driver_api_
                0x0800813c       0x10 zephyr/drivers/reset/libdrivers__reset.a(reset_stm32.c.obj)
                0x0800814c                        _reset_driver_api_list_end = .

shared_irq_driver_api_area
                0x0800814c        0x0
                0x0800814c                        _shared_irq_driver_api_list_start = .
 *(SORT_BY_NAME(SORT_BY_ALIGNMENT(._shared_irq_driver_api.static.*)))
                0x0800814c                        _shared_irq_driver_api_list_end = .

crypto_driver_api_area
                0x0800814c        0x0
                0x0800814c                        _crypto_driver_api_list_start = .
 *(SORT_BY_NAME(SORT_BY_ALIGNMENT(._crypto_driver_api.static.*)))
                0x0800814c                        _crypto_driver_api_list_end = .

adc_driver_api_area
                0x0800814c        0x0
                0x0800814c                        _adc_driver_api_list_start = .
 *(SORT_BY_NAME(SORT_BY_ALIGNMENT(._adc_driver_api.static.*)))
                0x0800814c                        _adc_driver_api_list_end = .

auxdisplay_driver_api_area
                0x0800814c        0x0
                0x0800814c                        _auxdisplay_driver_api_list_start = .
 *(SORT_BY_NAME(SORT_BY_ALIGNMENT(._auxdisplay_driver_api.static.*)))
                0x0800814c                        _auxdisplay_driver_api_list_end = .

bbram_driver_api_area
                0x0800814c        0x0
                0x0800814c                        _bbram_driver_api_list_start = .
 *(SORT_BY_NAME(SORT_BY_ALIGNMENT(._bbram_driver_api.static.*)))
                0x0800814c                        _bbram_driver_api_list_end = .

biometric_driver_api_area
                0x0800814c        0x0
                0x0800814c                        _biometric_driver_api_list_start = .
 *(SORT_BY_NAME(SORT_BY_ALIGNMENT(._biometric_driver_api.static.*)))
                0x0800814c                        _biometric_driver_api_list_end = .

bt_hci_driver_api_area
                0x0800814c        0x0
                0x0800814c                        _bt_hci_driver_api_list_start = .
 *(SORT_BY_NAME(SORT_BY_ALIGNMENT(._bt_hci_driver_api.static.*)))
                0x0800814c                        _bt_hci_driver_api_list_end = .

can_driver_api_area
                0x0800814c        0x0
                0x0800814c                        _can_driver_api_list_start = .
 *(SORT_BY_NAME(SORT_BY_ALIGNMENT(._can_driver_api.static.*)))
                0x0800814c                        _can_driver_api_list_end = .

cellular_driver_api_area
                0x0800814c        0x0
                0x0800814c                        _cellular_driver_api_list_start = .
 *(SORT_BY_NAME(SORT_BY_ALIGNMENT(._cellular_driver_api.static.*)))
                0x0800814c                        _cellular_driver_api_list_end = .

charger_driver_api_area
                0x0800814c        0x0
                0x0800814c                        _charger_driver_api_list_start = .
 *(SORT_BY_NAME(SORT_BY_ALIGNMENT(._charger_driver_api.static.*)))
                0x0800814c                        _charger_driver_api_list_end = .

clock_control_driver_api_area
                0x0800814c       0x1c
                0x0800814c                        _clock_control_driver_api_list_start = .
 *(SORT_BY_NAME(SORT_BY_ALIGNMENT(._clock_control_driver_api.static.*)))
 ._clock_control_driver_api.static.stm32_clock_control_api_
                0x0800814c       0x1c zephyr/drivers/clock_control/libdrivers__clock_control.a(clock_stm32_ll_common.c.obj)
                0x08008168                        _clock_control_driver_api_list_end = .

comparator_driver_api_area
                0x08008168        0x0
                0x08008168                        _comparator_driver_api_list_start = .
 *(SORT_BY_NAME(SORT_BY_ALIGNMENT(._comparator_driver_api.static.*)))
                0x08008168                        _comparator_driver_api_list_end = .

coredump_driver_api_area
                0x08008168        0x0
                0x08008168                        _coredump_driver_api_list_start = .
 *(SORT_BY_NAME(SORT_BY_ALIGNMENT(._coredump_driver_api.static.*)))
                0x08008168                        _coredump_driver_api_list_end = .

counter_driver_api_area
                0x08008168        0x0
                0x08008168                        _counter_driver_api_list_start = .
 *(SORT_BY_NAME(SORT_BY_ALIGNMENT(._counter_driver_api.static.*)))
                0x08008168                        _counter_driver_api_list_end = .

crc_driver_api_area
                0x08008168        0x0
                0x08008168                        _crc_driver_api_list_start = .
 *(SORT_BY_NAME(SORT_BY_ALIGNMENT(._crc_driver_api.static.*)))
                0x08008168                        _crc_driver_api_list_end = .

dac_driver_api_area
                0x08008168        0x0
                0x08008168                        _dac_driver_api_list_start = .
 *(SORT_BY_NAME(SORT_BY_ALIGNMENT(._dac_driver_api.static.*)))
                0x08008168                        _dac_driver_api_list_end = .

dai_driver_api_area
                0x08008168        0x0
                0x08008168                        _dai_driver_api_list_start = .
 *(SORT_BY_NAME(SORT_BY_ALIGNMENT(._dai_driver_api.static.*)))
                0x08008168                        _dai_driver_api_list_end = .

display_driver_api_area
                0x08008168        0x0
                0x08008168                        _display_driver_api_list_start = .
 *(SORT_BY_NAME(SORT_BY_ALIGNMENT(._display_driver_api.static.*)))
                0x08008168                        _display_driver_api_list_end = .

dma_driver_api_area
                0x08008168        0x0
                0x08008168                        _dma_driver_api_list_start = .
 *(SORT_BY_NAME(SORT_BY_ALIGNMENT(._dma_driver_api.static.*)))
                0x08008168                        _dma_driver_api_list_end = .

edac_driver_api_area
                0x08008168        0x0
                0x08008168                        _edac_driver_api_list_start = .
 *(SORT_BY_NAME(SORT_BY_ALIGNMENT(._edac_driver_api.static.*)))
                0x08008168                        _edac_driver_api_list_end = .

eeprom_driver_api_area
                0x08008168        0x0
                0x08008168                        _eeprom_driver_api_list_start = .
 *(SORT_BY_NAME(SORT_BY_ALIGNMENT(._eeprom_driver_api.static.*)))
                0x08008168                        _eeprom_driver_api_list_end = .

emul_bbram_driver_api_area
                0x08008168        0x0
                0x08008168                        _emul_bbram_driver_api_list_start = .
 *(SORT_BY_NAME(SORT_BY_ALIGNMENT(._emul_bbram_driver_api.static.*)))
                0x08008168                        _emul_bbram_driver_api_list_end = .

fuel_gauge_emul_driver_api_area
                0x08008168        0x0
                0x08008168                        _fuel_gauge_emul_driver_api_list_start = .
 *(SORT_BY_NAME(SORT_BY_ALIGNMENT(._fuel_gauge_emul_driver_api.static.*)))
                0x08008168                        _fuel_gauge_emul_driver_api_list_end = .

emul_sensor_driver_api_area
                0x08008168        0x0
                0x08008168                        _emul_sensor_driver_api_list_start = .
 *(SORT_BY_NAME(SORT_BY_ALIGNMENT(._emul_sensor_driver_api.static.*)))
                0x08008168                        _emul_sensor_driver_api_list_end = .

entropy_driver_api_area
                0x08008168        0x0
                0x08008168                        _entropy_driver_api_list_start = .
 *(SORT_BY_NAME(SORT_BY_ALIGNMENT(._entropy_driver_api.static.*)))
                0x08008168                        _entropy_driver_api_list_end = .

espi_driver_api_area
                0x08008168        0x0
                0x08008168                        _espi_driver_api_list_start = .
 *(SORT_BY_NAME(SORT_BY_ALIGNMENT(._espi_driver_api.static.*)))
                0x08008168                        _espi_driver_api_list_end = .

espi_saf_driver_api_area
                0x08008168        0x0
                0x08008168                        _espi_saf_driver_api_list_start = .
 *(SORT_BY_NAME(SORT_BY_ALIGNMENT(._espi_saf_driver_api.static.*)))
                0x08008168                        _espi_saf_driver_api_list_end = .

flash_driver_api_area
                0x08008168        0x0
                0x08008168                        _flash_driver_api_list_start = .
 *(SORT_BY_NAME(SORT_BY_ALIGNMENT(._flash_driver_api.static.*)))
                0x08008168                        _flash_driver_api_list_end = .

fpga_driver_api_area
                0x08008168        0x0
                0x08008168                        _fpga_driver_api_list_start = .
 *(SORT_BY_NAME(SORT_BY_ALIGNMENT(._fpga_driver_api.static.*)))
                0x08008168                        _fpga_driver_api_list_end = .

fuel_gauge_driver_api_area
                0x08008168        0x0
                0x08008168                        _fuel_gauge_driver_api_list_start = .
 *(SORT_BY_NAME(SORT_BY_ALIGNMENT(._fuel_gauge_driver_api.static.*)))
                0x08008168                        _fuel_gauge_driver_api_list_end = .

gnss_driver_api_area
                0x08008168        0x0
                0x08008168                        _gnss_driver_api_list_start = .
 *(SORT_BY_NAME(SORT_BY_ALIGNMENT(._gnss_driver_api.static.*)))
                0x08008168                        _gnss_driver_api_list_end = .

haptics_driver_api_area
                0x08008168        0x0
                0x08008168                        _haptics_driver_api_list_start = .
 *(SORT_BY_NAME(SORT_BY_ALIGNMENT(._haptics_driver_api.static.*)))
                0x08008168                        _haptics_driver_api_list_end = .

hwspinlock_driver_api_area
                0x08008168        0x0
                0x08008168                        _hwspinlock_driver_api_list_start = .
 *(SORT_BY_NAME(SORT_BY_ALIGNMENT(._hwspinlock_driver_api.static.*)))
                0x08008168                        _hwspinlock_driver_api_list_end = .

i2c_driver_api_area
                0x08008168        0x0
                0x08008168                        _i2c_driver_api_list_start = .
 *(SORT_BY_NAME(SORT_BY_ALIGNMENT(._i2c_driver_api.static.*)))
                0x08008168                        _i2c_driver_api_list_end = .

i2c_target_driver_api_area
                0x08008168        0x0
                0x08008168                        _i2c_target_driver_api_list_start = .
 *(SORT_BY_NAME(SORT_BY_ALIGNMENT(._i2c_target_driver_api.static.*)))
                0x08008168                        _i2c_target_driver_api_list_end = .

i2s_driver_api_area
                0x08008168        0x0
                0x08008168                        _i2s_driver_api_list_start = .
 *(SORT_BY_NAME(SORT_BY_ALIGNMENT(._i2s_driver_api.static.*)))
                0x08008168                        _i2s_driver_api_list_end = .

i3c_driver_api_area
                0x08008168        0x0
                0x08008168                        _i3c_driver_api_list_start = .
 *(SORT_BY_NAME(SORT_BY_ALIGNMENT(._i3c_driver_api.static.*)))
                0x08008168                        _i3c_driver_api_list_end = .

ipm_driver_api_area
                0x08008168        0x0
                0x08008168                        _ipm_driver_api_list_start = .
 *(SORT_BY_NAME(SORT_BY_ALIGNMENT(._ipm_driver_api.static.*)))
                0x08008168                        _ipm_driver_api_list_end = .

led_driver_api_area
                0x08008168        0x0
                0x08008168                        _led_driver_api_list_start = .
 *(SORT_BY_NAME(SORT_BY_ALIGNMENT(._led_driver_api.static.*)))
                0x08008168                        _led_driver_api_list_end = .

led_strip_driver_api_area
                0x08008168        0x0
                0x08008168                        _led_strip_driver_api_list_start = .
 *(SORT_BY_NAME(SORT_BY_ALIGNMENT(._led_strip_driver_api.static.*)))
                0x08008168                        _led_strip_driver_api_list_end = .

lora_driver_api_area
                0x08008168        0x0
                0x08008168                        _lora_driver_api_list_start = .
 *(SORT_BY_NAME(SORT_BY_ALIGNMENT(._lora_driver_api.static.*)))
                0x08008168                        _lora_driver_api_list_end = .

mbox_driver_api_area
                0x08008168        0x0
                0x08008168                        _mbox_driver_api_list_start = .
 *(SORT_BY_NAME(SORT_BY_ALIGNMENT(._mbox_driver_api.static.*)))
                0x08008168                        _mbox_driver_api_list_end = .

mdio_driver_api_area
                0x08008168        0x0
                0x08008168                        _mdio_driver_api_list_start = .
 *(SORT_BY_NAME(SORT_BY_ALIGNMENT(._mdio_driver_api.static.*)))
                0x08008168                        _mdio_driver_api_list_end = .

mipi_dbi_driver_api_area
                0x08008168        0x0
                0x08008168                        _mipi_dbi_driver_api_list_start = .
 *(SORT_BY_NAME(SORT_BY_ALIGNMENT(._mipi_dbi_driver_api.static.*)))
                0x08008168                        _mipi_dbi_driver_api_list_end = .

mipi_dsi_driver_api_area
                0x08008168        0x0
                0x08008168                        _mipi_dsi_driver_api_list_start = .
 *(SORT_BY_NAME(SORT_BY_ALIGNMENT(._mipi_dsi_driver_api.static.*)))
                0x08008168                        _mipi_dsi_driver_api_list_end = .

mspi_driver_api_area
                0x08008168        0x0
                0x08008168                        _mspi_driver_api_list_start = .
 *(SORT_BY_NAME(SORT_BY_ALIGNMENT(._mspi_driver_api.static.*)))
                0x08008168                        _mspi_driver_api_list_end = .

opamp_driver_api_area
                0x08008168        0x0
                0x08008168                        _opamp_driver_api_list_start = .
 *(SORT_BY_NAME(SORT_BY_ALIGNMENT(._opamp_driver_api.static.*)))
                0x08008168                        _opamp_driver_api_list_end = .

otp_driver_api_area
                0x08008168        0x0
                0x08008168                        _otp_driver_api_list_start = .
 *(SORT_BY_NAME(SORT_BY_ALIGNMENT(._otp_driver_api.static.*)))
                0x08008168                        _otp_driver_api_list_end = .

peci_driver_api_area
                0x08008168        0x0